Component: ARM Compiler 5.05 update 1 (build 106) Tool: armlink [4d35ed]

==============================================================================

Section Cross References

    system_stm32f4xx.o(i.SystemCoreClockUpdate) refers to system_stm32f4xx.o(.data) for SystemCoreClock
    system_stm32f4xx.o(i.SystemInit) refers to system_stm32f4xx.o(i.SetSysClock) for SetSysClock
    main.o(i.main) refers to misc.o(i.NVIC_PriorityGroupConfig) for NVIC_PriorityGroupConfig
    main.o(i.main) refers to delay.o(i.delay_init) for delay_init
    main.o(i.main) refers to usart.o(i.USART1_Init) for USART1_Init
    main.o(i.main) refers to usart3.o(i.USART3_Init) for USART3_Init
    main.o(i.main) refers to gpio.o(i.gpio_Init) for gpio_Init
    main.o(i.main) refers to exti.o(i.EXTIX_Init) for EXTIX_Init
    main.o(i.main) refers to timer.o(i.TIM4_Cap_Init) for TIM4_Cap_Init
    main.o(i.main) refers to motor.o(i.TIM3_Int_Init) for TIM3_Int_Init
    main.o(i.main) refers to pwm.o(i.TIM10_PWM_Init) for TIM10_PWM_Init
    main.o(i.main) refers to stm32f4xx_tim.o(i.TIM_SetCompare1) for TIM_SetCompare1
    main.o(i.main) refers to pwm.o(i.TIM11_PWM_Init) for TIM11_PWM_Init
    main.o(i.main) refers to pwm.o(i.TIM13_PWM_Init) for TIM13_PWM_Init
    main.o(i.main) refers to pwm.o(i.TIM12_PWM_Init) for TIM12_PWM_Init
    main.o(i.main) refers to stm32f4xx_tim.o(i.TIM_SetCompare2) for TIM_SetCompare2
    main.o(i.main) refers to pwm.o(i.TIM9_PWM_Init) for TIM9_PWM_Init
    main.o(i.main) refers to pwm.o(i.TIM5_PWM_Init) for TIM5_PWM_Init
    main.o(i.main) refers to stm32f4xx_tim.o(i.TIM_SetCompare3) for TIM_SetCompare3
    main.o(i.main) refers to delay.o(i.delay_ms) for delay_ms
    main.o(i.main) refers to procedure.o(i.MoveToCentr1) for MoveToCentr1
    main.o(i.main) refers to procedure.o(i.MoveToCentr2) for MoveToCentr2
    main.o(i.main) refers to procedure.o(i.MoveToCentr3) for MoveToCentr3
    main.o(i.main) refers to procedure.o(i.MoveToCentr4) for MoveToCentr4
    main.o(i.main) refers to procedure.o(i.EasyPart1) for EasyPart1
    main.o(i.main) refers to procedure.o(i.EasyPart2) for EasyPart2
    main.o(i.main) refers to procedure.o(i.EasyPart3) for EasyPart3
    main.o(i.main) refers to procedure.o(i.EasyPart4) for EasyPart4
    main.o(i.main) refers to procedure.o(i.EasyPart5) for EasyPart5
    main.o(i.main) refers to procedure.o(i.EasyPart6) for EasyPart6
    main.o(i.main) refers to procedure.o(i.GetMoreScore_1_1) for GetMoreScore_1_1
    main.o(i.main) refers to procedure.o(i.BackToNorm_1) for BackToNorm_1
    main.o(i.main) refers to procedure.o(i.EasyPart8) for EasyPart8
    main.o(i.main) refers to procedure.o(i.EasyPart9) for EasyPart9
    main.o(i.main) refers to procedure.o(i.GetMoreScore_2) for GetMoreScore_2
    main.o(i.main) refers to procedure.o(i.BackToNorm_2) for BackToNorm_2
    main.o(i.main) refers to pro_buff.o(i.HardPart1) for HardPart1
    main.o(i.main) refers to pro_buff.o(i.HardPart2) for HardPart2
    main.o(i.main) refers to pro_buff.o(i.HardPart3) for HardPart3
    main.o(i.main) refers to pro_buff.o(i.HardPart4) for HardPart4
    main.o(i.main) refers to pro_buff.o(i.HardPart5) for HardPart5
    main.o(i.main) refers to procedure.o(i.GetMoreScore_1) for GetMoreScore_1
    main.o(i.main) refers to pro_buff.o(i.HardPart6) for HardPart6
    main.o(i.main) refers to pro_buff.o(i.HardPart7) for HardPart7
    main.o(i.main) refers to pro_buff.o(i.HardPart8) for HardPart8
    main.o(i.main) refers to pro_buff.o(i.HardPart9) for HardPart9
    main.o(i.main) refers to exti.o(i.actuator_up) for actuator_up
    main.o(i.main) refers to exti.o(i.actuator_stop) for actuator_stop
    main.o(i.main) refers to exti.o(.data) for UP_STATE
    stm32f4xx_wwdg.o(i.WWDG_DeInit) refers to stm32f4xx_rcc.o(i.RCC_APB1PeriphResetCmd) for RCC_APB1PeriphResetCmd
    stm32f4xx_usart.o(i.USART_DeInit) refers to stm32f4xx_rcc.o(i.RCC_APB2PeriphResetCmd) for RCC_APB2PeriphResetCmd
    stm32f4xx_usart.o(i.USART_DeInit) refers to stm32f4xx_rcc.o(i.RCC_APB1PeriphResetCmd) for RCC_APB1PeriphResetCmd
    stm32f4xx_usart.o(i.USART_Init) refers to stm32f4xx_rcc.o(i.RCC_GetClocksFreq) for RCC_GetClocksFreq
    stm32f4xx_tim.o(i.TIM_DeInit) refers to stm32f4xx_rcc.o(i.RCC_APB2PeriphResetCmd) for RCC_APB2PeriphResetCmd
    stm32f4xx_tim.o(i.TIM_DeInit) refers to stm32f4xx_rcc.o(i.RCC_APB1PeriphResetCmd) for RCC_APB1PeriphResetCmd
    stm32f4xx_tim.o(i.TIM_ETRClockMode1Config) refers to stm32f4xx_tim.o(i.TIM_ETRConfig) for TIM_ETRConfig
    stm32f4xx_tim.o(i.TIM_ETRClockMode2Config) refers to stm32f4xx_tim.o(i.TIM_ETRConfig) for TIM_ETRConfig
    stm32f4xx_tim.o(i.TIM_ICInit) refers to stm32f4xx_tim.o(i.TI1_Config) for TI1_Config
    stm32f4xx_tim.o(i.TIM_ICInit) refers to stm32f4xx_tim.o(i.TIM_SetIC1Prescaler) for TIM_SetIC1Prescaler
    stm32f4xx_tim.o(i.TIM_ICInit) refers to stm32f4xx_tim.o(i.TI2_Config) for TI2_Config
[...]
    ..\\SYSTEM\\sys\\sys.c                   0x00000000   Number         0  sys.o ABSOLUTE
    ..\\SYSTEM\\usart\\usart.c               0x00000000   Number         0  usart.o ABSOLUTE
    dc.s                                     0x00000000   Number         0  dc.o ABSOLUTE
    main.c                                   0x00000000   Number         0  main.o ABSOLUTE
    main.c                                   0x00000000   Number         0  main.o ABSOLUTE
    stm32f4xx_it.c                           0x00000000   Number         0  stm32f4xx_it.o ABSOLUTE
    stm32f4xx_it.c                           0x00000000   Number         0  stm32f4xx_it.o ABSOLUTE
    system_stm32f4xx.c                       0x00000000   Number         0  system_stm32f4xx.o ABSOLUTE
    system_stm32f4xx.c                       0x00000000   Number         0  system_stm32f4xx.o ABSOLUTE
    RESET                                    0x08000000   Section      392  startup_stm32f40_41xxx.o(RESET)
    !!!main                                  0x08000188   Section        8  __main.o(!!!main)
    !!!scatter                               0x08000190   Section       52  __scatter.o(!!!scatter)
    !!handler_copy                           0x080001c4   Section       26  __scatter_copy.o(!!handler_copy)
    !!handler_zi                             0x080001e0   Section       28  __scatter_zi.o(!!handler_zi)
    .ARM.Collect$$libinit$$00000000          0x080001fc   Section        2  libinit.o(.ARM.Collect$$libinit$$00000000)
    .ARM.Collect$$libinit$$00000001          0x080001fe   Section        4  libinit2.o(.ARM.Collect$$libinit$$00000001)
    .ARM.Collect$$libinit$$00000004          0x08000202   Section        0  libinit2.o(.ARM.Collect$$libinit$$00000004)
    .ARM.Collect$$libinit$$0000000A          0x08000202   Section        0  libinit2.o(.ARM.Collect$$libinit$$0000000A)
    .ARM.Collect$$libinit$$0000000C          0x08000202   Section        0  libinit2.o(.ARM.Collect$$libinit$$0000000C)
    .ARM.Collect$$libinit$$0000000E          0x08000202   Section        0  libinit2.o(.ARM.Collect$$libinit$$0000000E)
    .ARM.Collect$$libinit$$00000011          0x08000202   Section        0  libinit2.o(.ARM.Collect$$libinit$$00000011)
    .ARM.Collect$$libinit$$00000013          0x08000202   Section        0  libinit2.o(.ARM.Collect$$libinit$$00000013)
    .ARM.Collect$$libinit$$00000015          0x08000202   Section        0  libinit2.o(.ARM.Collect$$libinit$$00000015)
    .ARM.Collect$$libinit$$00000017          0x08000202   Section        0  libinit2.o(.ARM.Collect$$libinit$$00000017)
    .ARM.Collect$$libinit$$00000019          0x08000202   Section        0  libinit2.o(.ARM.Collect$$libinit$$00000019)
    .ARM.Collect$$libinit$$0000001B          0x08000202   Section        0  libinit2.o(.ARM.Collect$$libinit$$0000001B)
    .ARM.Collect$$libinit$$0000001D          0x08000202   Section        0  libinit2.o(.ARM.Collect$$libinit$$0000001D)
    .ARM.Collect$$libinit$$0000001F          0x08000202   Section        0  libinit2.o(.ARM.Collect$$libinit$$0000001F)
    .ARM.Collect$$libinit$$00000021          0x08000202   Section        0  libinit2.o(.ARM.Collect$$libinit$$00000021)
    .ARM.Collect$$libinit$$00000023          0x08000202   Section        0  libinit2.o(.ARM.Collect$$libinit$$00000023)
    .ARM.Collect$$libinit$$00000025          0x08000202   Section        0  libinit2.o(.ARM.Collect$$libinit$$00000025)
    .ARM.Collect$$libinit$$0000002C          0x08000202   Section        0  libinit2.o(.ARM.Collect$$libinit$$0000002C)
    .ARM.Collect$$libinit$$0000002E          0x08000202   Section        0  libinit2.o(.ARM.Collect$$libinit$$0000002E)
    .ARM.Collect$$libinit$$00000030          0x08000202   Section        0  libinit2.o(.ARM.Collect$$libinit$$00000030)
    .ARM.Collect$$libinit$$00000032          0x08000202   Section        0  libinit2.o(.ARM.Collect$$libinit$$00000032)
    .ARM.Collect$$libinit$$00000033          0x08000202   Section        2  libinit2.o(.ARM.Collect$$libinit$$00000033)
    .ARM.Collect$$libshutdown$$00000000      0x08000204   Section        2  libshutdown.o(.ARM.Collect$$libshutdown$$00000000)
    .ARM.Collect$$libshutdown$$00000003      0x08000206   Section        0  libshutdown2.o(.ARM.Collect$$libshutdown$$00000003)
    .ARM.Collect$$libshutdown$$00000006      0x08000206   Section        0  libshutdown2.o(.ARM.Collect$$libshutdown$$00000006)
    .ARM.Collect$$libshutdown$$00000009      0x08000206   Section        0  libshutdown2.o(.ARM.Collect$$libshutdown$$00000009)
    .ARM.Collect$$libshutdown$$0000000B      0x08000206   Section        0  libshutdown2.o(.ARM.Collect$$libshutdown$$0000000B)
    .ARM.Collect$$libshutdown$$0000000E      0x08000206   Section        0  libshutdown2.o(.ARM.Collect$$libshutdown$$0000000E)
    .ARM.Collect$$libshutdown$$0000000F      0x08000206   Section        2  libshutdown2.o(.ARM.Collect$$libshutdown$$0000000F)
    .ARM.Collect$$rtentry$$00000000          0x08000208   Section        0  __rtentry.o(.ARM.Collect$$rtentry$$00000000)
    .ARM.Collect$$rtentry$$00000002          0x08000208   Section        0  __rtentry2.o(.ARM.Collect$$rtentry$$00000002)
    .ARM.Collect$$rtentry$$00000004          0x08000208   Section        6  __rtentry4.o(.ARM.Collect$$rtentry$$00000004)
    .ARM.Collect$$rtentry$$00000009          0x0800020e   Section        0  __rtentry2.o(.ARM.Collect$$rtentry$$00000009)
    .ARM.Collect$$rtentry$$0000000A          0x0800020e   Section        4  __rtentry2.o(.ARM.Collect$$rtentry$$0000000A)
    .ARM.Collect$$rtentry$$0000000C          0x08000212   Section        0  __rtentry2.o(.ARM.Collect$$rtentry$$0000000C)
    .ARM.Collect$$rtentry$$0000000D          0x08000212   Section        8  __rtentry2.o(.ARM.Collect$$rtentry$$0000000D)
    .ARM.Collect$$rtexit$$00000000           0x0800021a   Section        2  rtexit.o(.ARM.Collect$$rtexit$$00000000)
    .ARM.Collect$$rtexit$$00000002           0x0800021c   Section        0  rtexit2.o(.ARM.Collect$$rtexit$$00000002)
    .ARM.Collect$$rtexit$$00000003           0x0800021c   Section        4  rtexit2.o(.ARM.Collect$$rtexit$$00000003)
    .ARM.Collect$$rtexit$$00000004           0x08000220   Section        6  rtexit2.o(.ARM.Collect$$rtexit$$00000004)
    .text                                    0x08000228   Section       64  startup_stm32f40_41xxx.o(.text)
    $v0                                      0x08000228   Number         0  startup_stm32f40_41xxx.o(.text)
    .text                                    0x08000268   Section        2  use_no_semi_2.o(.text)
    .text                                    0x0800026a   Section        0  heapauxi.o(.text)
    .text                                    0x08000270   Section        2  use_no_semi.o(.text)
    .text                                    0x08000272   Section       74  sys_stackheap_outer.o(.text)
    .text                                    0x080002bc   Section        0  exit.o(.text)
    .text                                    0x080002c8   Section        8  libspace.o(.text)
    i.BackToNorm_1                           0x080002d0   Section        0  procedure.o(i.BackToNorm_1)
    i.BackToNorm_2                           0x08000300   Section        0  procedure.o(i.BackToNorm_2)
    i.BusFault_Handler                       0x08000330   Section        0  stm32f4xx_it.o(i.BusFault_Handler)
    i.DebugMon_Handler                       0x08000334   Section        0  stm32f4xx_it.o(i.DebugMon_Handler)
    i.EXTI0_IRQHandler                       0x08000338   Section        0  exti.o(i.EXTI0_IRQHandler)
    i.EXTI3_IRQHandler                       0x08000380   Section        0  exti.o(i.EXTI3_IRQHandler)
    i.EXTIX_Init                             0x080003c8   Section        0  exti.o(i.EXTIX_Init)
    i.EXTI_ClearITPendingBit                 0x08000450   Section        0  stm32f4xx_exti.o(i.EXTI_ClearITPendingBit)
    i.EXTI_Init                              0x0800045c   Section        0  stm32f4xx_exti.o(i.EXTI_Init)
    i.EasyPart1                              0x080004f0   Section        0  procedure.o(i.EasyPart1)
    i.EasyPart2                              0x08000508   Section        0  procedure.o(i.EasyPart2)
    i.EasyPart3                              0x08000564   Section        0  procedure.o(i.EasyPart3)
    i.EasyPart4                              0x080005c4   Section        0  procedure.o(i.EasyPart4)
    i.EasyPart5                              0x0800068c   Section        0  procedure.o(i.EasyPart5)
    i.EasyPart6                              0x0800072c   Section        0  procedure.o(i.EasyPart6)
    i.EasyPart8                              0x080007d8   Section        0  procedure.o(i.EasyPart8)
    i.EasyPart9                              0x08000888   Section        0  procedure.o(i.EasyPart9)
    i.FireTheGoal                            0x08000924   Section        0  pro_support.o(i.FireTheGoal)
    i.GPIO_Init                              0x0800096c   Section        0  stm32f4xx_gpio.o(i.GPIO_Init)
    i.GPIO_PinAFConfig                       0x080009fc   Section        0  stm32f4xx_gpio.o(i.GPIO_PinAFConfig)
    i.GPIO_ReadInputDataBit                  0x08000a42   Section        0  stm32f4xx_gpio.o(i.GPIO_ReadInputDataBit)
    i.GPIO_ResetBits                         0x08000a54   Section        0  stm32f4xx_gpio.o(i.GPIO_ResetBits)
    i.GPIO_SetBits                           0x08000a58   Section        0  stm32f4xx_gpio.o(i.GPIO_SetBits)
    i.GetMoreScore_1                         0x08000a5c   Section        0  procedure.o(i.GetMoreScore_1)
    i.GetMoreScore_1_1                       0x08000a9c   Section        0  procedure.o(i.GetMoreScore_1_1)
    i.GetMoreScore_2                         0x08000adc   Section        0  procedure.o(i.GetMoreScore_2)
    i.HardFault_Handler                      0x08000b1c   Section        0  stm32f4xx_it.o(i.HardFault_Handler)
    i.HardPart1                              0x08000b20   Section        0  pro_buff.o(i.HardPart1)
    i.HardPart2                              0x08000bd0   Section        0  pro_buff.o(i.HardPart2)
    i.HardPart3                              0x08000c30   Section        0  pro_buff.o(i.HardPart3)
    i.HardPart4                              0x08000cc8   Section        0  pro_buff.o(i.HardPart4)
    i.HardPart5                              0x08000d94   Section        0  pro_buff.o(i.HardPart5)
    i.HardPart6                              0x08000e40   Section        0  pro_buff.o(i.HardPart6)
    i.HardPart7                              0x08000ea8   Section        0  pro_buff.o(i.HardPart7)
    i.HardPart8                              0x08000f44   Section        0  pro_buff.o(i.HardPart8)
    i.HardPart9                              0x08000ffc   Section        0  pro_buff.o(i.HardPart9)
    i.MemManage_Handler                      0x080010e8   Section        0  stm32f4xx_it.o(i.MemManage_Handler)
    i.MoveToCentr1                           0x080010ec   Section        0  procedure.o(i.MoveToCentr1)
    i.MoveToCentr2                           0x080011b0   Section        0  procedure.o(i.MoveToCentr2)
    i.MoveToCentr3                           0x080012e8   Section        0  procedure.o(i.MoveToCentr3)
    i.MoveToCentr4                           0x08001308   Section        0  procedure.o(i.MoveToCentr4)
    i.NMI_Handler                            0x080013ac   Section        0  stm32f4xx_it.o(i.NMI_Handler)
    i.NVIC_Init                              0x080013b0   Section        0  misc.o(i.NVIC_Init)
    i.NVIC_PriorityGroupConfig               0x08001428   Section        0  misc.o(i.NVIC_PriorityGroupConfig)
    i.PendSV_Handler                         0x0800143c   Section        0  stm32f4xx_it.o(i.PendSV_Handler)
    i.PerformBetter                          0x08001440   Section        0  pro_support.o(i.PerformBetter)
    i.PerformBetter1                         0x0800151c   Section        0  pro_support.o(i.PerformBetter1)
    i.RCC_AHB1PeriphClockCmd                 0x080015f0   Section        0  stm32f4xx_rcc.o(i.RCC_AHB1PeriphClockCmd)
    i.RCC_APB1PeriphClockCmd                 0x08001610   Section        0  stm32f4xx_rcc.o(i.RCC_APB1PeriphClockCmd)
    i.RCC_APB2PeriphClockCmd                 0x08001630   Section        0  stm32f4xx_rcc.o(i.RCC_APB2PeriphClockCmd)
    i.RCC_GetClocksFreq                      0x08001650   Section        0  stm32f4xx_rcc.o(i.RCC_GetClocksFreq)
    i.SVC_Handler                            0x08001738   Section        0  stm32f4xx_it.o(i.SVC_Handler)
    i.SYSCFG_EXTILineConfig                  0x0800173c   Section        0  stm32f4xx_syscfg.o(i.SYSCFG_EXTILineConfig)
    i.SetSysClock                            0x0800177c   Section        0  system_stm32f4xx.o(i.SetSysClock)
    SetSysClock                              0x0800177d   Thumb Code   220  system_stm32f4xx.o(i.SetSysClock)
    i.SteerControl                           0x08001868   Section        0  pro_support.o(i.SteerControl)
    i.SysTick_CLKSourceConfig                0x080018fc   Section        0  misc.o(i.SysTick_CLKSourceConfig)
    i.SysTick_Handler                        0x08001924   Section        0  stm32f4xx_it.o(i.SysTick_Handler)
    i.SystemInit                             0x08001928   Section        0  system_stm32f4xx.o(i.SystemInit)
    i.TI1_Config                             0x08001990   Section        0  stm32f4xx_tim.o(i.TI1_Config)
    TI1_Config                               0x08001991   Thumb Code    58  stm32f4xx_tim.o(i.TI1_Config)
    i.TI2_Config                             0x080019ca   Section        0  stm32f4xx_tim.o(i.TI2_Config)
    TI2_Config                               0x080019cb   Thumb Code    80  stm32f4xx_tim.o(i.TI2_Config)
    i.TI3_Config                             0x08001a1a   Section        0  stm32f4xx_tim.o(i.TI3_Config)
    TI3_Config                               0x08001a1b   Thumb Code    72  stm32f4xx_tim.o(i.TI3_Config)
    i.TI4_Config                             0x08001a62   Section        0  stm32f4xx_tim.o(i.TI4_Config)
    TI4_Config                               0x08001a63   Thumb Code    80  stm32f4xx_tim.o(i.TI4_Config)
    i.TIM10_PWM_Init                         0x08001ab4   Section        0  pwm.o(i.TIM10_PWM_Init)
    i.TIM11_PWM_Init                         0x08001b54   Section        0  pwm.o(i.TIM11_PWM_Init)
    i.TIM12_PWM_Init                         0x08001bf4   Section        0  pwm.o(i.TIM12_PWM_Init)
    i.TIM13_PWM_Init                         0x08001c9c   Section        0  pwm.o(i.TIM13_PWM_Init)
    i.TIM3_IRQHandler                        0x08001d3c   Section        0  motor.o(i.TIM3_IRQHandler)
    i.TIM3_Int_Init                          0x08002004   Section        0  motor.o(i.TIM3_Int_Init)
    i.TIM4_Cap_Init                          0x08002060   Section        0  timer.o(i.TIM4_Cap_Init)
    i.TIM4_IRQHandler                        0x080021f4   Section        0  timer.o(i.TIM4_IRQHandler)
    i.TIM5_PWM_Init                          0x08002258   Section        0  pwm.o(i.TIM5_PWM_Init)
    i.TIM9_PWM_Init                          0x08002334   Section        0  pwm.o(i.TIM9_PWM_Init)
    i.TIM_ARRPreloadConfig                   0x080023dc   Section        0  stm32f4xx_tim.o(i.TIM_ARRPreloadConfig)
    i.TIM_ClearITPendingBit                  0x080023f4   Section        0  stm32f4xx_tim.o(i.TIM_ClearITPendingBit)
    i.TIM_Cmd                                0x080023fa   Section        0  stm32f4xx_tim.o(i.TIM_Cmd)
    i.TIM_CtrlPWMOutputs                     0x08002412   Section        0  stm32f4xx_tim.o(i.TIM_CtrlPWMOutputs)
    i.TIM_GetITStatus                        0x08002430   Section        0  stm32f4xx_tim.o(i.TIM_GetITStatus)
    i.TIM_ICInit                             0x08002452   Section        0  stm32f4xx_tim.o(i.TIM_ICInit)
    i.TIM_ITConfig                           0x080024c0   Section        0  stm32f4xx_tim.o(i.TIM_ITConfig)
    i.TIM_OC1Init                            0x080024d4   Section        0  stm32f4xx_tim.o(i.TIM_OC1Init)
    i.TIM_OC1PreloadConfig                   0x08002550   Section        0  stm32f4xx_tim.o(i.TIM_OC1PreloadConfig)
    i.TIM_OC2Init                            0x08002564   Section        0  stm32f4xx_tim.o(i.TIM_OC2Init)
    i.TIM_OC2PreloadConfig                   0x08002608   Section        0  stm32f4xx_tim.o(i.TIM_OC2PreloadConfig)
    i.TIM_OC3Init                            0x08002624   Section        0  stm32f4xx_tim.o(i.TIM_OC3Init)
    i.TIM_OC3PreloadConfig                   0x080026c4   Section        0  stm32f4xx_tim.o(i.TIM_OC3PreloadConfig)
    i.TIM_SetCompare1                        0x080026d6   Section        0  stm32f4xx_tim.o(i.TIM_SetCompare1)
    i.TIM_SetCompare2                        0x080026da   Section        0  stm32f4xx_tim.o(i.TIM_SetCompare2)
    i.TIM_SetCompare3                        0x080026de   Section        0  stm32f4xx_tim.o(i.TIM_SetCompare3)
    i.TIM_SetIC1Prescaler                    0x080026e2   Section        0  stm32f4xx_tim.o(i.TIM_SetIC1Prescaler)
    i.TIM_SetIC2Prescaler                    0x080026f4   Section        0  stm32f4xx_tim.o(i.TIM_SetIC2Prescaler)
    i.TIM_SetIC3Prescaler                    0x0800270e   Section        0  stm32f4xx_tim.o(i.TIM_SetIC3Prescaler)
    i.TIM_SetIC4Prescaler                    0x08002720   Section        0  stm32f4xx_tim.o(i.TIM_SetIC4Prescaler)
    i.TIM_TimeBaseInit                       0x0800273c   Section        0  stm32f4xx_tim.o(i.TIM_TimeBaseInit)
    i.USART1_IRQHandler                      0x080027c0   Section        0  usart.o(i.USART1_IRQHandler)
    i.USART1_Init                            0x08002810   Section        0  usart.o(i.USART1_Init)
    i.USART3_IRQHandler                      0x080028bc   Section        0  usart3.o(i.USART3_IRQHandler)
    i.USART3_Init                            0x08002a94   Section        0  usart3.o(i.USART3_Init)
    i.USART_ClearITPendingBit                0x08002b40   Section        0  stm32f4xx_usart.o(i.USART_ClearITPendingBit)
    i.USART_Cmd                              0x08002b5e   Section        0  stm32f4xx_usart.o(i.USART_Cmd)
    i.USART_GetITStatus                      0x08002b76   Section        0  stm32f4xx_usart.o(i.USART_GetITStatus)
    i.USART_ITConfig                         0x08002bca   Section        0  stm32f4xx_usart.o(i.USART_ITConfig)
    i.USART_Init                             0x08002c14   Section        0  stm32f4xx_usart.o(i.USART_Init)
    i.USART_ReceiveData                      0x08002ce8   Section        0  stm32f4xx_usart.o(i.USART_ReceiveData)
    i.USART_SendData                         0x08002cf2   Section        0  stm32f4xx_usart.o(i.USART_SendData)
    i.UsageFault_Handler                     0x08002cfa   Section        0  stm32f4xx_it.o(i.UsageFault_Handler)
    i._sys_exit                              0x08002cfe   Section        0  usart.o(i._sys_exit)
    i.actuator_down                          0x08002d04   Section        0  exti.o(i.actuator_down)
    i.actuator_stop                          0x08002d30   Section        0  exti.o(i.actuator_stop)
    i.actuator_up                            0x08002d54   Section        0  exti.o(i.actuator_up)
    i.anti_clockwise                         0x08002d80   Section        0  motor.o(i.anti_clockwise)
    i.backward                               0x08002dd0   Section        0  motor.o(i.backward)
    i.clockwise                              0x08002e80   Section        0  motor.o(i.clockwise)
    i.delay_init                             0x08002ed0   Section        0  delay.o(i.delay_init)
    i.delay_ms                               0x08002f0c   Section        0  delay.o(i.delay_ms)
    i.delay_xms                              0x08002f44   Section        0  delay.o(i.delay_xms)
    i.forward                                0x08002f90   Section        0  motor.o(i.forward)
    i.gpio_Init                              0x0800303c   Section        0  gpio.o(i.gpio_Init)
    i.left                                   0x08003154   Section        0  motor.o(i.left)
    i.main                                   0x080031d4   Section        0  main.o(i.main)
    i.most_right                             0x080033d0   Section        0  pro_support.o(i.most_right)
    i.move_lr                                0x08003450   Section        0  pro_support.o(i.move_lr)
    i.pass_one_line                          0x080034a8   Section        0  pro_support.o(i.pass_one_line)
    i.pass_one_line_hard                     0x080034e8   Section        0  pro_support.o(i.pass_one_line_hard)
    i.pid_Init                               0x08003524   Section        0  motor.o(i.pid_Init)
    i.right                                  0x080035b4   Section        0  motor.o(i.right)
    i.run_anticlockwise                      0x08003638   Section        0  motor.o(i.run_anticlockwise)
    i.run_backward                           0x080036c8   Section        0  motor.o(i.run_backward)
    i.run_clockwise                          0x08003750   Section        0  motor.o(i.run_clockwise)
    i.run_forward                            0x080037e0   Section        0  motor.o(i.run_forward)
    i.stop                                   0x08003868   Section        0  motor.o(i.stop)
    i.sum_location                           0x080038a8   Section        0  pro_support.o(i.sum_location)
    x$fpl$d2f                                0x080038e0   Section       98  d2f.o(x$fpl$d2f)
    $v0                                      0x080038e0   Number         0  d2f.o(x$fpl$d2f)
    x$fpl$ddiv                               0x08003944   Section      688  ddiv.o(x$fpl$ddiv)
    $v0                                      0x08003944   Number         0  ddiv.o(x$fpl$ddiv)
    ddiv_entry                               0x0800394b   Thumb Code     0  ddiv.o(x$fpl$ddiv)
    x$fpl$dfix                               0x08003bf4   Section       94  dfix.o(x$fpl$dfix)
    $v0                                      0x08003bf4   Number         0  dfix.o(x$fpl$dfix)
    x$fpl$dfltu                              0x08003c52   Section       38  dflt_clz.o(x$fpl$dfltu)
    $v0                                      0x08003c52   Number         0  dflt_clz.o(x$fpl$dfltu)
    x$fpl$dmul                               0x08003c78   Section      340  dmul.o(x$fpl$dmul)
    $v0                                      0x08003c78   Number         0  dmul.o(x$fpl$dmul)
    x$fpl$dnaninf                            0x08003dcc   Section      156  dnaninf.o(x$fpl$dnaninf)
    $v0                                      0x08003dcc   Number         0  dnaninf.o(x$fpl$dnaninf)
    x$fpl$dretinf                            0x08003e68   Section       12  dretinf.o(x$fpl$dretinf)
    $v0                                      0x08003e68   Number         0  dretinf.o(x$fpl$dretinf)
    x$fpl$f2d                                0x08003e74   Section       86  f2d.o(x$fpl$f2d)
    $v0                                      0x08003e74   Number         0  f2d.o(x$fpl$f2d)
    x$fpl$fnaninf                            0x08003eca   Section      140  fnaninf.o(x$fpl$fnaninf)
    $v0                                      0x08003eca   Number         0  fnaninf.o(x$fpl$fnaninf)
    x$fpl$fpinit                             0x08003f56   Section       10  fpinit.o(x$fpl$fpinit)
    $v0                                      0x08003f56   Number         0  fpinit.o(x$fpl$fpinit)
    x$fpl$fretinf                            0x08003f60   Section       10  fretinf.o(x$fpl$fretinf)
    $v0                                      0x08003f60   Number         0  fretinf.o(x$fpl$fretinf)
    x$fpl$usenofp                            0x08003f6a   Section        0  usenofp.o(x$fpl$usenofp)
    .data                                    0x20000000   Section       20  system_stm32f4xx.o(.data)
    .data                                    0x20000014   Section       26  main.o(.data)
    .data                                    0x2000002e   Section       16  stm32f4xx_rcc.o(.data)
    APBAHBPrescTable                         0x2000002e   Data          16  stm32f4xx_rcc.o(.data)
    .data                                    0x20000040   Section       21  motor.o(.data)
    .data                                    0x20000055   Section        3  exti.o(.data)
    .data                                    0x20000058   Section       14  usart3.o(.data)
    .data                                    0x20000066   Section        2  procedure.o(.data)
    .data                                    0x20000068   Section        1  pro_support.o(.data)
    .data                                    0x2000006a   Section        4  delay.o(.data)
    fac_us                                   0x2000006a   Data           1  delay.o(.data)
    fac_ms                                   0x2000006c   Data           2  delay.o(.data)
    .data                                    0x20000070   Section        8  usart.o(.data)
    .bss                                     0x20000078   Section       16  main.o(.bss)
    .bss                                     0x20000088   Section       80  motor.o(.bss)
    .bss                                     0x200000d8   Section       10  timer.o(.bss)
    .bss                                     0x200000e2   Section       24  usart3.o(.bss)
    .bss                                     0x200000fc   Section       96  libspace.o(.bss)
    HEAP                                     0x20000160   Section      512  startup_stm32f40_41xxx.o(HEAP)
    Heap_Mem                                 0x20000160   Data         512  startup_stm32f40_41xxx.o(HEAP)
    STACK                                    0x20000360   Section     1024  startup_stm32f40_41xxx.o(STACK)
    Stack_Mem                                0x20000360   Data        1024  startup_stm32f40_41xxx.o(STACK)
    __initial_sp                             0x20000760   Data           0  startup_stm32f40_41xxx.o(STACK)

    Global Symbols

    Symbol Name                              Value     Ov Type        Size  Object(Section)

    BuildAttributes$$THM_ISAv4$E$P$D$K$B$S$7EM$VFPi3$EXTD16$VFPS$VFMA$PE$A:L22UL41UL21$X:L11$S22US41US21$IEEE1$IW$USESV6$~STKCKD$USESV7$~SHL$OSPACE$ROPI$EBA8$UX$STANDARDLIB$REQ8$PRES8$EABIv2 0x00000000   Number         0  anon$$obj.o ABSOLUTE
    __ARM_use_no_argv                        0x00000000   Number         0  main.o ABSOLUTE
    __ARM_exceptions_init                     - Undefined Weak Reference
    __alloca_initialize                       - Undefined Weak Reference
    __arm_preinit_                            - Undefined Weak Reference
    __cpp_initialize__aeabi_                  - Undefined Weak Reference
    __cxa_finalize                            - Undefined Weak Reference
    __rt_locale                               - Undefined Weak Reference
    __sigvec_lookup                           - Undefined Weak Reference
    _atexit_init                              - Undefined Weak Reference
    _call_atexit_fns                          - Undefined Weak Reference
    _clock_init                               - Undefined Weak Reference
    _fp_trap_init                             - Undefined Weak Reference
    _fp_trap_shutdown                         - Undefined Weak Reference
    _get_lc_collate                           - Undefined Weak Reference
    _get_lc_ctype                             - Undefined Weak Reference
    _get_lc_monetary                          - Undefined Weak Reference
    _get_lc_numeric                           - Undefined Weak Reference
    _get_lc_time                              - Undefined Weak Reference
    _getenv_init                              - Undefined Weak Reference
    _handle_redirection                       - Undefined Weak Reference
    _init_alloc                               - Undefined Weak Reference
    _init_user_alloc                          - Undefined Weak Reference
    _initio                                   - Undefined Weak Reference
    _rand_init                                - Undefined Weak Reference
    _signal_finish                            - Undefined Weak Reference
    _signal_init                              - Undefined Weak Reference
    _terminate_alloc                          - Undefined Weak Reference
    _terminate_user_alloc                     - Undefined Weak Reference
    _terminateio                              - Undefined Weak Reference
    __Vectors_Size                           0x00000188   Number         0  startup_stm32f40_41xxx.o ABSOLUTE
    __Vectors                                0x08000000   Data           4  startup_stm32f40_41xxx.o(RESET)
    __Vectors_End                            0x08000188   Data           0  startup_stm32f40_41xxx.o(RESET)
    __main                                   0x08000189   Thumb Code     8  __main.o(!!!main)
    __scatterload                            0x08000191   Thumb Code     0  __scatter.o(!!!scatter)
    __scatterload_rt2                        0x08000191   Thumb Code    44  __scatter.o(!!!scatter)
    __scatterload_rt2_thumb_only             0x08000191   Thumb Code     0  __scatter.o(!!!scatter)
    __scatterload_null                       0x0800019f   Thumb Code     0  __scatter.o(!!!scatter)
    __scatterload_copy                       0x080001c5   Thumb Code    26  __scatter_copy.o(!!handler_copy)
    __scatterload_zeroinit                   0x080001e1   Thumb Code    28  __scatter_zi.o(!!handler_zi)
    __rt_lib_init                            0x080001fd   Thumb Code     0  libinit.o(.ARM.Collect$$libinit$$00000000)
    __rt_lib_init_fp_1                       0x080001ff   Thumb Code     0  libinit2.o(.ARM.Collect$$libinit$$00000001)
    __rt_lib_init_alloca_1                   0x08000203   Thumb Code     0  libinit2.o(.ARM.Collect$$libinit$$0000002E)
    __rt_lib_init_argv_1                     0x08000203   Thumb Code     0  libinit2.o(.ARM.Collect$$libinit$$0000002C)
    __rt_lib_init_atexit_1                   0x08000203   Thumb Code     0  libinit2.o(.ARM.Collect$$libinit$$0000001B)
    __rt_lib_init_clock_1                    0x08000203   Thumb Code     0  libinit2.o(.ARM.Collect$$libinit$$00000021)
    __rt_lib_init_cpp_1                      0x08000203   Thumb Code     0  libinit2.o(.ARM.Collect$$libinit$$00000032)
    __rt_lib_init_exceptions_1               0x08000203   Thumb Code     0  libinit2.o(.ARM.Collect$$libinit$$00000030)
    __rt_lib_init_fp_trap_1                  0x08000203   Thumb Code     0  libinit2.o(.ARM.Collect$$libinit$$0000001F)
    __rt_lib_init_getenv_1                   0x08000203   Thumb Code     0  libinit2.o(.ARM.Collect$$libinit$$00000023)
    __rt_lib_init_heap_1                     0x08000203   Thumb Code     0  libinit2.o(.ARM.Collect$$libinit$$0000000A)
    __rt_lib_init_lc_collate_1               0x08000203   Thumb Code     0  libinit2.o(.ARM.Collect$$libinit$$00000011)
    __rt_lib_init_lc_ctype_1                 0x08000203   Thumb Code     0  libinit2.o(.ARM.Collect$$libinit$$00000013)
    __rt_lib_init_lc_monetary_1              0x08000203   Thumb Code     0  libinit2.o(.ARM.Collect$$libinit$$00000015)
    __rt_lib_init_lc_numeric_1               0x08000203   Thumb Code     0  libinit2.o(.ARM.Collect$$libinit$$00000017)
    __rt_lib_init_lc_time_1                  0x08000203   Thumb Code     0  libinit2.o(.ARM.Collect$$libinit$$00000019)
    __rt_lib_init_preinit_1                  0x08000203   Thumb Code     0  libinit2.o(.ARM.Collect$$libinit$$00000004)
    __rt_lib_init_rand_1                     0x08000203   Thumb Code     0  libinit2.o(.ARM.Collect$$libinit$$0000000E)
    __rt_lib_init_return                     0x08000203   Thumb Code     0  libinit2.o(.ARM.Collect$$libinit$$00000033)
    __rt_lib_init_signal_1                   0x08000203   Thumb Code     0  libinit2.o(.ARM.Collect$$libinit$$0000001D)
    __rt_lib_init_stdio_1                    0x08000203   Thumb Code     0  libinit2.o(.ARM.Collect$$libinit$$00000025)
    __rt_lib_init_user_alloc_1               0x08000203   Thumb Code     0  libinit2.o(.ARM.Collect$$libinit$$0000000C)
    __rt_lib_shutdown                        0x08000205   Thumb Code     0  libshutdown.o(.ARM.Collect$$libshutdown$$00000000)
    __rt_lib_shutdown_fp_trap_1              0x08000207   Thumb Code     0  libshutdown2.o(.ARM.Collect$$libshutdown$$00000006)
    __rt_lib_shutdown_heap_1                 0x08000207   Thumb Code     0  libshutdown2.o(.ARM.Collect$$libshutdown$$0000000E)
    __rt_lib_shutdown_return                 0x08000207   Thumb Code     0  libshutdown2.o(.ARM.Collect$$libshutdown$$0000000F)
    __rt_lib_shutdown_signal_1               0x08000207   Thumb Code     0  libshutdown2.o(.ARM.Collect$$libshutdown$$00000009)
    __rt_lib_shutdown_stdio_1                0x08000207   Thumb Code     0  libshutdown2.o(.ARM.Collect$$libshutdown$$00000003)
    __rt_lib_shutdown_user_alloc_1           0x08000207   Thumb Code     0  libshutdown2.o(.ARM.Collect$$libshutdown$$0000000B)
    __rt_entry                               0x08000209   Thumb Code     0  __rtentry.o(.ARM.Collect$$rtentry$$00000000)
    __rt_entry_presh_1                       0x08000209   Thumb Code     0  __rtentry2.o(.ARM.Collect$$rtentry$$00000002)
    __rt_entry_sh                            0x08000209   Thumb Code     0  __rtentry4.o(.ARM.Collect$$rtentry$$00000004)
    __rt_entry_li                            0x0800020f   Thumb Code     0  __rtentry2.o(.ARM.Collect$$rtentry$$0000000A)
    __rt_entry_postsh_1                      0x0800020f   Thumb Code     0  __rtentry2.o(.ARM.Collect$$rtentry$$00000009)
    __rt_entry_main                          0x08000213   Thumb Code     0  __rtentry2.o(.ARM.Collect$$rtentry$$0000000D)
    __rt_entry_postli_1                      0x08000213   Thumb Code     0  __rtentry2.o(.ARM.Collect$$rtentry$$0000000C)
    __rt_exit                                0x0800021b   Thumb Code     0  rtexit.o(.ARM.Collect$$rtexit$$00000000)
    __rt_exit_ls                             0x0800021d   Thumb Code     0  rtexit2.o(.ARM.Collect$$rtexit$$00000003)
    __rt_exit_prels_1                        0x0800021d   Thumb Code     0  rtexit2.o(.ARM.Collect$$rtexit$$00000002)
    __rt_exit_exit                           0x08000221   Thumb Code     0  rtexit2.o(.ARM.Collect$$rtexit$$00000004)
    Reset_Handler                            0x08000229   Thumb Code     8  startup_stm32f40_41xxx.o(.text)
    ADC_IRQHandler                           0x08000243   Thumb Code     0  startup_stm32f40_41xxx.o(.text)
    CAN1_RX0_IRQHandler                      0x08000243   Thumb Code     0  startup_stm32f40_41xxx.o(.text)
    CAN1_RX1_IRQHandler                      0x08000243   Thumb Code     0  startup_stm32f40_41xxx.o(.text)
    CAN1_SCE_IRQHandler                      0x08000243   Thumb Code     0  startup_stm32f40_41xxx.o(.text)
    CAN1_TX_IRQHandler                       0x08000243   Thumb Code     0  startup_stm32f40_41xxx.o(.text)
    CAN2_RX0_IRQHandler                      0x08000243   Thumb Code     0  startup_stm32f40_41xxx.o(.text)
    CAN2_RX1_IRQHandler                      0x08000243   Thumb Code     0  startup_stm32f40_41xxx.o(.text)
    CAN2_SCE_IRQHandler                      0x08000243   Thumb Code     0  startup_stm32f40_41xxx.o(.text)
    CAN2_TX_IRQHandler                       0x08000243   Thumb Code     0  startup_stm32f40_41xxx.o(.text)
    CRYP_IRQHandler                          0x08000243   Thumb Code     0  startup_stm32f40_41xxx.o(.text)
    DCMI_IRQHandler                          0x08000243   Thumb Code     0  startup_stm32f40_41xxx.o(.text)
    DMA1_Stream0_IRQHandler                  0x08000243   Thumb Code     0  startup_stm32f40_41xxx.o(.text)
    DMA1_Stream1_IRQHandler                  0x08000243   Thumb Code     0  startup_stm32f40_41xxx.o(.text)
    DMA1_Stream2_IRQHandler                  0x08000243   Thumb Code     0  startup_stm32f40_41xxx.o(.text)
    DMA1_Stream3_IRQHandler                  0x08000243   Thumb Code     0  startup_stm32f40_41xxx.o(.text)
    DMA1_Stream4_IRQHandler                  0x08000243   Thumb Code     0  startup_stm32f40_41xxx.o(.text)
    DMA1_Stream5_IRQHandler                  0x08000243   Thumb Code     0  startup_stm32f40_41xxx.o(.text)
    DMA1_Stream6_IRQHandler                  0x08000243   Thumb Code     0  startup_stm32f40_41xxx.o(.text)
    DMA1_Stream7_IRQHandler                  0x08000243   Thumb Code     0  startup_stm32f40_41xxx.o(.text)
    DMA2_Stream0_IRQHandler                  0x08000243   Thumb Code     0  startup_stm32f40_41xxx.o(.text)
    DMA2_Stream1_IRQHandler                  0x08000243   Thumb Code     0  startup_stm32f40_41xxx.o(.text)
    DMA2_Stream2_IRQHandler                  0x08000243   Thumb Code     0  startup_stm32f40_41xxx.o(.text)
    DMA2_Stream3_IRQHandler                  0x08000243   Thumb Code     0  startup_stm32f40_41xxx.o(.text)
    DMA2_Stream4_IRQHandler                  0x08000243   Thumb Code     0  startup_stm32f40_41xxx.o(.text)
    DMA2_Stream5_IRQHandler                  0x08000243   Thumb Code     0  startup_stm32f40_41xxx.o(.text)
    DMA2_Stream6_IRQHandler                  0x08000243   Thumb Code     0  startup_stm32f40_41xxx.o(.text)
    DMA2_Stream7_IRQHandler                  0x08000243   Thumb Code     0  startup_stm32f40_41xxx.o(.text)
    ETH_IRQHandler                           0x08000243   Thumb Code     0  startup_stm32f40_41xxx.o(.text)
    ETH_WKUP_IRQHandler                      0x08000243   Thumb Code     0  startup_stm32f40_41xxx.o(.text)
    EXTI15_10_IRQHandler                     0x08000243   Thumb Code     0  startup_stm32f40_41xxx.o(.text)
    EXTI1_IRQHandler                         0x08000243   Thumb Code     0  startup_stm32f40_41xxx.o(.text)
    EXTI2_IRQHandler                         0x08000243   Thumb Code     0  startup_stm32f40_41xxx.o(.text)
    EXTI4_IRQHandler                         0x08000243   Thumb Code     0  startup_stm32f40_41xxx.o(.text)
    EXTI9_5_IRQHandler                       0x08000243   Thumb Code     0  startup_stm32f40_41xxx.o(.text)
    FLASH_IRQHandler                         0x08000243   Thumb Code     0  startup_stm32f40_41xxx.o(.text)
    FPU_IRQHandler                           0x08000243   Thumb Code     0  startup_stm32f40_41xxx.o(.text)
    FSMC_IRQHandler                          0x08000243   Thumb Code     0  startup_stm32f40_41xxx.o(.text)
    HASH_RNG_IRQHandler                      0x08000243   Thumb Code     0  startup_stm32f40_41xxx.o(.text)
    I2C1_ER_IRQHandler                       0x08000243   Thumb Code     0  startup_stm32f40_41xxx.o(.text)
    I2C1_EV_IRQHandler                       0x08000243   Thumb Code     0  startup_stm32f40_41xxx.o(.text)
    I2C2_ER_IRQHandler                       0x08000243   Thumb Code     0  startup_stm32f40_41xxx.o(.text)
    I2C2_EV_IRQHandler                       0x08000243   Thumb Code     0  startup_stm32f40_41xxx.o(.text)
    I2C3_ER_IRQHandler                       0x08000243   Thumb Code     0  startup_stm32f40_41xxx.o(.text)
    I2C3_EV_IRQHandler                       0x08000243   Thumb Code     0  startup_stm32f40_41xxx.o(.text)
    OTG_FS_IRQHandler                        0x08000243   Thumb Code     0  startup_stm32f40_41xxx.o(.text)
    OTG_FS_WKUP_IRQHandler                   0x08000243   Thumb Code     0  startup_stm32f40_41xxx.o(.text)
    OTG_HS_EP1_IN_IRQHandler                 0x08000243   Thumb Code     0  startup_stm32f40_41xxx.o(.text)
    OTG_HS_EP1_OUT_IRQHandler                0x08000243   Thumb Code     0  startup_stm32f40_41xxx.o(.text)
    OTG_HS_IRQHandler                        0x08000243   Thumb Code     0  startup_stm32f40_41xxx.o(.text)
    OTG_HS_WKUP_IRQHandler                   0x08000243   Thumb Code     0  startup_stm32f40_41xxx.o(.text)
    PVD_IRQHandler                           0x08000243   Thumb Code     0  startup_stm32f40_41xxx.o(.text)
    RCC_IRQHandler                           0x08000243   Thumb Code     0  startup_stm32f40_41xxx.o(.text)
    RTC_Alarm_IRQHandler                     0x08000243   Thumb Code     0  startup_stm32f40_41xxx.o(.text)
    RTC_WKUP_IRQHandler                      0x08000243   Thumb Code     0  startup_stm32f40_41xxx.o(.text)
    SDIO_IRQHandler                          0x08000243   Thumb Code     0  startup_stm32f40_41xxx.o(.text)
    SPI1_IRQHandler                          0x08000243   Thumb Code     0  startup_stm32f40_41xxx.o(.text)
    SPI2_IRQHandler                          0x08000243   Thumb Code     0  startup_stm32f40_41xxx.o(.text)
    SPI3_IRQHandler                          0x08000243   Thumb Code     0  startup_stm32f40_41xxx.o(.text)
    TAMP_STAMP_IRQHandler                    0x08000243   Thumb Code     0  startup_stm32f40_41xxx.o(.text)
    TIM1_BRK_TIM9_IRQHandler                 0x08000243   Thumb Code     0  startup_stm32f40_41xxx.o(.text)
    TIM1_CC_IRQHandler                       0x08000243   Thumb Code     0  startup_stm32f40_41xxx.o(.text)
    TIM1_TRG_COM_TIM11_IRQHandler            0x08000243   Thumb Code     0  startup_stm32f40_41xxx.o(.text)
    TIM1_UP_TIM10_IRQHandler                 0x08000243   Thumb Code     0  startup_stm32f40_41xxx.o(.text)
    TIM2_IRQHandler                          0x08000243   Thumb Code     0  startup_stm32f40_41xxx.o(.text)
    TIM5_IRQHandler                          0x08000243   Thumb Code     0  startup_stm32f40_41xxx.o(.text)
    TIM6_DAC_IRQHandler                      0x08000243   Thumb Code     0  startup_stm32f40_41xxx.o(.text)
    TIM7_IRQHandler                          0x08000243   Thumb Code     0  startup_stm32f40_41xxx.o(.text)
    TIM8_BRK_TIM12_IRQHandler                0x08000243   Thumb Code     0  startup_stm32f40_41xxx.o(.text)
    TIM8_CC_IRQHandler                       0x08000243   Thumb Code     0  startup_stm32f40_41xxx.o(.text)
    TIM8_TRG_COM_TIM14_IRQHandler            0x08000243   Thumb Code     0  startup_stm32f40_41xxx.o(.text)
    TIM8_UP_TIM13_IRQHandler                 0x08000243   Thumb Code     0  startup_stm32f40_41xxx.o(.text)
    UART4_IRQHandler                         0x08000243   Thumb Code     0  startup_stm32f40_41xxx.o(.text)
    UART5_IRQHandler                         0x08000243   Thumb Code     0  startup_stm32f40_41xxx.o(.text)
    USART2_IRQHandler                        0x08000243   Thumb Code     0  startup_stm32f40_41xxx.o(.text)
    USART6_IRQHandler                        0x08000243   Thumb Code     0  startup_stm32f40_41xxx.o(.text)
    WWDG_IRQHandler                          0x08000243   Thumb Code     0  startup_stm32f40_41xxx.o(.text)
    __user_initial_stackheap                 0x08000245   Thumb Code     0  startup_stm32f40_41xxx.o(.text)
    __use_no_semihosting                     0x08000269   Thumb Code     2  use_no_semi_2.o(.text)
    __use_two_region_memory                  0x0800026b   Thumb Code     2  heapauxi.o(.text)
    __rt_heap_escrow$2region                 0x0800026d   Thumb Code     2  heapauxi.o(.text)
    __rt_heap_expand$2region                 0x0800026f   Thumb Code     2  heapauxi.o(.text)
    __I$use$semihosting                      0x08000271   Thumb Code     0  use_no_semi.o(.text)
    __use_no_semihosting_swi                 0x08000271   Thumb Code     2  use_no_semi.o(.text)
    __user_setup_stackheap                   0x08000273   Thumb Code    74  sys_stackheap_outer.o(.text)
    exit                                     0x080002bd   Thumb Code    12  exit.o(.text)
    __user_libspace                          0x080002c9   Thumb Code     8  libspace.o(.text)
    __user_perproc_libspace                  0x080002c9   Thumb Code     0  libspace.o(.text)
    __user_perthread_libspace                0x080002c9   Thumb Code     0  libspace.o(.text)
    BackToNorm_1                             0x080002d1   Thumb Code    40  procedure.o(i.BackToNorm_1)
    BackToNorm_2                             0x08000301   Thumb Code    40  procedure.o(i.BackToNorm_2)
    BusFault_Handler                         0x08000331   Thumb Code     4  stm32f4xx_it.o(i.BusFault_Handler)
    DebugMon_Handler                         0x08000335   Thumb Code     2  stm32f4xx_it.o(i.DebugMon_Handler)
    EXTI0_IRQHandler                         0x08000339   Thumb Code    58  exti.o(i.EXTI0_IRQHandler)
    EXTI3_IRQHandler                         0x08000381   Thumb Code    62  exti.o(i.EXTI3_IRQHandler)
    EXTIX_Init                               0x080003c9   Thumb Code   136  exti.o(i.EXTIX_Init)
    EXTI_ClearITPendingBit                   0x08000451   Thumb Code     6  stm32f4xx_exti.o(i.EXTI_ClearITPendingBit)
    EXTI_Init                                0x0800045d   Thumb Code   142  stm32f4xx_exti.o(i.EXTI_Init)
    EasyPart1                                0x080004f1   Thumb Code    22  procedure.o(i.EasyPart1)
    EasyPart2                                0x08000509   Thumb Code    76  procedure.o(i.EasyPart2)
    EasyPart3                                0x08000565   Thumb Code    84  procedure.o(i.EasyPart3)
    EasyPart4                                0x080005c5   Thumb Code   172  procedure.o(i.EasyPart4)
    EasyPart5                                0x0800068d   Thumb Code   136  procedure.o(i.EasyPart5)
    EasyPart6                                0x0800072d   Thumb Code   148  procedure.o(i.EasyPart6)
    EasyPart8                                0x080007d9   Thumb Code   150  procedure.o(i.EasyPart8)
    EasyPart9                                0x08000889   Thumb Code   132  procedure.o(i.EasyPart9)
    FireTheGoal                              0x08000925   Thumb Code    68  pro_support.o(i.FireTheGoal)
    GPIO_Init                                0x0800096d   Thumb Code   144  stm32f4xx_gpio.o(i.GPIO_Init)
    GPIO_PinAFConfig                         0x080009fd   Thumb Code    70  stm32f4xx_gpio.o(i.GPIO_PinAFConfig)
    GPIO_ReadInputDataBit                    0x08000a43   Thumb Code    18  stm32f4xx_gpio.o(i.GPIO_ReadInputDataBit)
    GPIO_ResetBits                           0x08000a55   Thumb Code     4  stm32f4xx_gpio.o(i.GPIO_ResetBits)
    GPIO_SetBits                             0x08000a59   Thumb Code     4  stm32f4xx_gpio.o(i.GPIO_SetBits)
    GetMoreScore_1                           0x08000a5d   Thumb Code    56  procedure.o(i.GetMoreScore_1)
    GetMoreScore_1_1                         0x08000a9d   Thumb Code    56  procedure.o(i.GetMoreScore_1_1)
    GetMoreScore_2                           0x08000add   Thumb Code    56  procedure.o(i.GetMoreScore_2)
    HardFault_Handler                        0x08000b1d   Thumb Code     4  stm32f4xx_it.o(i.HardFault_Handler)
    HardPart1                                0x08000b21   Thumb Code   156  pro_buff.o(i.HardPart1)
    HardPart2                                0x08000bd1   Thumb Code    84  pro_buff.o(i.HardPart2)
    HardPart3                                0x08000c31   Thumb Code   136  pro_buff.o(i.HardPart3)
    HardPart4                                0x08000cc9   Thumb Code   182  pro_buff.o(i.HardPart4)
    HardPart5                                0x08000d95   Thumb Code   154  pro_buff.o(i.HardPart5)
    HardPart6                                0x08000e41   Thumb Code    92  pro_buff.o(i.HardPart6)
    HardPart7                                0x08000ea9   Thumb Code   140  pro_buff.o(i.HardPart7)
    HardPart8                                0x08000f45   Thumb Code   166  pro_buff.o(i.HardPart8)
    HardPart9                                0x08000ffd   Thumb Code   216  pro_buff.o(i.HardPart9)
    MemManage_Handler                        0x080010e9   Thumb Code     4  stm32f4xx_it.o(i.MemManage_Handler)
    MoveToCentr1                             0x080010ed   Thumb Code   176  procedure.o(i.MoveToCentr1)
    MoveToCentr2                             0x080011b1   Thumb Code   306  procedure.o(i.MoveToCentr2)
    MoveToCentr3                             0x080012e9   Thumb Code    28  procedure.o(i.MoveToCentr3)
    MoveToCentr4                             0x08001309   Thumb Code   154  procedure.o(i.MoveToCentr4)
    NMI_Handler                              0x080013ad   Thumb Code     2  stm32f4xx_it.o(i.NMI_Handler)
    NVIC_Init                                0x080013b1   Thumb Code   106  misc.o(i.NVIC_Init)
    NVIC_PriorityGroupConfig                 0x08001429   Thumb Code    10  misc.o(i.NVIC_PriorityGroupConfig)
    PendSV_Handler                           0x0800143d   Thumb Code     2  stm32f4xx_it.o(i.PendSV_Handler)
    PerformBetter                            0x08001441   Thumb Code   208  pro_support.o(i.PerformBetter)
    PerformBetter1                           0x0800151d   Thumb Code   202  pro_support.o(i.PerformBetter1)
    RCC_AHB1PeriphClockCmd                   0x080015f1   Thumb Code    26  stm32f4xx_rcc.o(i.RCC_AHB1PeriphClockCmd)
    RCC_APB1PeriphClockCmd                   0x08001611   Thumb Code    26  stm32f4xx_rcc.o(i.RCC_APB1PeriphClockCmd)
    RCC_APB2PeriphClockCmd                   0x08001631   Thumb Code    26  stm32f4xx_rcc.o(i.RCC_APB2PeriphClockCmd)
    RCC_GetClocksFreq                        0x08001651   Thumb Code   214  stm32f4xx_rcc.o(i.RCC_GetClocksFreq)
    SVC_Handler                              0x08001739   Thumb Code     2  stm32f4xx_it.o(i.SVC_Handler)
    SYSCFG_EXTILineConfig                    0x0800173d   Thumb Code    60  stm32f4xx_syscfg.o(i.SYSCFG_EXTILineConfig)
    SteerControl                             0x08001869   Thumb Code   142  pro_support.o(i.SteerControl)
    SysTick_CLKSourceConfig                  0x080018fd   Thumb Code    40  misc.o(i.SysTick_CLKSourceConfig)
    SysTick_Handler                          0x08001925   Thumb Code     2  stm32f4xx_it.o(i.SysTick_Handler)
    SystemInit                               0x08001929   Thumb Code    88  system_stm32f4xx.o(i.SystemInit)
    TIM10_PWM_Init                           0x08001ab5   Thumb Code   150  pwm.o(i.TIM10_PWM_Init)
    TIM11_PWM_Init                           0x08001b55   Thumb Code   150  pwm.o(i.TIM11_PWM_Init)
    TIM12_PWM_Init                           0x08001bf5   Thumb Code   160  pwm.o(i.TIM12_PWM_Init)
    TIM13_PWM_Init                           0x08001c9d   Thumb Code   152  pwm.o(i.TIM13_PWM_Init)
    TIM3_IRQHandler                          0x08001d3d   Thumb Code   626  motor.o(i.TIM3_IRQHandler)
    TIM3_Int_Init                            0x08002005   Thumb Code    88  motor.o(i.TIM3_Int_Init)
    TIM4_Cap_Init                            0x08002061   Thumb Code   392  timer.o(i.TIM4_Cap_Init)
    TIM4_IRQHandler                          0x080021f5   Thumb Code    92  timer.o(i.TIM4_IRQHandler)
    TIM5_PWM_Init                            0x08002259   Thumb Code   210  pwm.o(i.TIM5_PWM_Init)
    TIM9_PWM_Init                            0x08002335   Thumb Code   158  pwm.o(i.TIM9_PWM_Init)
    TIM_ARRPreloadConfig                     0x080023dd   Thumb Code    24  stm32f4xx_tim.o(i.TIM_ARRPreloadConfig)
    TIM_ClearITPendingBit                    0x080023f5   Thumb Code     6  stm32f4xx_tim.o(i.TIM_ClearITPendingBit)
    TIM_Cmd                                  0x080023fb   Thumb Code    24  stm32f4xx_tim.o(i.TIM_Cmd)
    TIM_CtrlPWMOutputs                       0x08002413   Thumb Code    30  stm32f4xx_tim.o(i.TIM_CtrlPWMOutputs)
    TIM_GetITStatus                          0x08002431   Thumb Code    34  stm32f4xx_tim.o(i.TIM_GetITStatus)
    TIM_ICInit                               0x08002453   Thumb Code   110  stm32f4xx_tim.o(i.TIM_ICInit)
    TIM_ITConfig                             0x080024c1   Thumb Code    18  stm32f4xx_tim.o(i.TIM_ITConfig)
    TIM_OC1Init                              0x080024d5   Thumb Code   114  stm32f4xx_tim.o(i.TIM_OC1Init)
    TIM_OC1PreloadConfig                     0x08002551   Thumb Code    18  stm32f4xx_tim.o(i.TIM_OC1PreloadConfig)
    TIM_OC2Init                              0x08002565   Thumb Code   154  stm32f4xx_tim.o(i.TIM_OC2Init)
    TIM_OC2PreloadConfig                     0x08002609   Thumb Code    26  stm32f4xx_tim.o(i.TIM_OC2PreloadConfig)
    TIM_OC3Init                              0x08002625   Thumb Code   150  stm32f4xx_tim.o(i.TIM_OC3Init)
    TIM_OC3PreloadConfig                     0x080026c5   Thumb Code    18  stm32f4xx_tim.o(i.TIM_OC3PreloadConfig)
    TIM_SetCompare1                          0x080026d7   Thumb Code     4  stm32f4xx_tim.o(i.TIM_SetCompare1)
    TIM_SetCompare2                          0x080026db   Thumb Code     4  stm32f4xx_tim.o(i.TIM_SetCompare2)
    TIM_SetCompare3                          0x080026df   Thumb Code     4  stm32f4xx_tim.o(i.TIM_SetCompare3)
    TIM_SetIC1Prescaler                      0x080026e3   Thumb Code    18  stm32f4xx_tim.o(i.TIM_SetIC1Prescaler)
    TIM_SetIC2Prescaler                      0x080026f5   Thumb Code    26  stm32f4xx_tim.o(i.TIM_SetIC2Prescaler)
    TIM_SetIC3Prescaler                      0x0800270f   Thumb Code    18  stm32f4xx_tim.o(i.TIM_SetIC3Prescaler)
    TIM_SetIC4Prescaler                      0x08002721   Thumb Code    26  stm32f4xx_tim.o(i.TIM_SetIC4Prescaler)
    TIM_TimeBaseInit                         0x0800273d   Thumb Code   104  stm32f4xx_tim.o(i.TIM_TimeBaseInit)
    USART1_IRQHandler                        0x080027c1   Thumb Code    62  usart.o(i.USART1_IRQHandler)
    USART1_Init                              0x08002811   Thumb Code   164  usart.o(i.USART1_Init)
    USART3_IRQHandler                        0x080028bd   Thumb Code   432  usart3.o(i.USART3_IRQHandler)
    USART3_Init                              0x08002a95   Thumb Code   164  usart3.o(i.USART3_Init)
    USART_ClearITPendingBit                  0x08002b41   Thumb Code    30  stm32f4xx_usart.o(i.USART_ClearITPendingBit)
    USART_Cmd                                0x08002b5f   Thumb Code    24  stm32f4xx_usart.o(i.USART_Cmd)
    USART_GetITStatus                        0x08002b77   Thumb Code    84  stm32f4xx_usart.o(i.USART_GetITStatus)
    USART_ITConfig                           0x08002bcb   Thumb Code    74  stm32f4xx_usart.o(i.USART_ITConfig)
    USART_Init                               0x08002c15   Thumb Code   204  stm32f4xx_usart.o(i.USART_Init)
    USART_ReceiveData                        0x08002ce9   Thumb Code    10  stm32f4xx_usart.o(i.USART_ReceiveData)
    USART_SendData                           0x08002cf3   Thumb Code     8  stm32f4xx_usart.o(i.USART_SendData)
    UsageFault_Handler                       0x08002cfb   Thumb Code     4  stm32f4xx_it.o(i.UsageFault_Handler)
    _sys_exit                                0x08002cff   Thumb Code     4  usart.o(i._sys_exit)
    actuator_down                            0x08002d05   Thumb Code    30  exti.o(i.actuator_down)
    actuator_stop                            0x08002d31   Thumb Code    24  exti.o(i.actuator_stop)
    actuator_up                              0x08002d55   Thumb Code    30  exti.o(i.actuator_up)
    anti_clockwise                           0x08002d81   Thumb Code    58  motor.o(i.anti_clockwise)
    backward                                 0x08002dd1   Thumb Code   148  motor.o(i.backward)
    clockwise                                0x08002e81   Thumb Code    58  motor.o(i.clockwise)
    delay_init                               0x08002ed1   Thumb Code    48  delay.o(i.delay_init)
    delay_ms                                 0x08002f0d   Thumb Code    56  delay.o(i.delay_ms)
    delay_xms                                0x08002f45   Thumb Code    72  delay.o(i.delay_xms)
    forward                                  0x08002f91   Thumb Code   126  motor.o(i.forward)
    gpio_Init                                0x0800303d   Thumb Code   262  gpio.o(i.gpio_Init)
    left                                     0x08003155   Thumb Code    98  motor.o(i.left)
    main                                     0x080031d5   Thumb Code   476  main.o(i.main)
    most_right                               0x080033d1   Thumb Code   122  pro_support.o(i.most_right)
    move_lr                                  0x08003451   Thumb Code    74  pro_support.o(i.move_lr)
    pass_one_line                            0x080034a9   Thumb Code    56  pro_support.o(i.pass_one_line)
    pass_one_line_hard                       0x080034e9   Thumb Code    52  pro_support.o(i.pass_one_line_hard)
    pid_Init                                 0x08003525   Thumb Code    96  motor.o(i.pid_Init)
    right                                    0x080035b5   Thumb Code   102  motor.o(i.right)
    run_anticlockwise                        0x08003639   Thumb Code   112  motor.o(i.run_anticlockwise)
    run_backward                             0x080036c9   Thumb Code   108  motor.o(i.run_backward)
    run_clockwise                            0x08003751   Thumb Code   112  motor.o(i.run_clockwise)
    run_forward                              0x080037e1   Thumb Code   108  motor.o(i.run_forward)
    stop                                     0x08003869   Thumb Code    44  motor.o(i.stop)
    sum_location                             0x080038a9   Thumb Code    52  pro_support.o(i.sum_location)
    __aeabi_d2f                              0x080038e1   Thumb Code     0  d2f.o(x$fpl$d2f)
    _d2f                                     0x080038e1   Thumb Code    98  d2f.o(x$fpl$d2f)
    __aeabi_ddiv                             0x08003945   Thumb Code     0  ddiv.o(x$fpl$ddiv)
    _ddiv                                    0x08003945   Thumb Code   552  ddiv.o(x$fpl$ddiv)
    __aeabi_d2iz                             0x08003bf5   Thumb Code     0  dfix.o(x$fpl$dfix)
    _dfix                                    0x08003bf5   Thumb Code    94  dfix.o(x$fpl$dfix)
    __aeabi_ui2d                             0x08003c53   Thumb Code     0  dflt_clz.o(x$fpl$dfltu)
    _dfltu                                   0x08003c53   Thumb Code    38  dflt_clz.o(x$fpl$dfltu)
    __aeabi_dmul                             0x08003c79   Thumb Code     0  dmul.o(x$fpl$dmul)
    _dmul                                    0x08003c79   Thumb Code   332  dmul.o(x$fpl$dmul)
    __fpl_dnaninf                            0x08003dcd   Thumb Code   156  dnaninf.o(x$fpl$dnaninf)
    __fpl_dretinf                            0x08003e69   Thumb Code    12  dretinf.o(x$fpl$dretinf)
    __aeabi_f2d                              0x08003e75   Thumb Code     0  f2d.o(x$fpl$f2d)
    _f2d                                     0x08003e75   Thumb Code    86  f2d.o(x$fpl$f2d)
    __fpl_fnaninf                            0x08003ecb   Thumb Code   140  fnaninf.o(x$fpl$fnaninf)
    _fp_init                                 0x08003f57   Thumb Code    10  fpinit.o(x$fpl$fpinit)
    __fplib_config_fpu_vfp                   0x08003f5f   Thumb Code     0  fpinit.o(x$fpl$fpinit)
    __fplib_config_pureend_doubles           0x08003f5f   Thumb Code     0  fpinit.o(x$fpl$fpinit)
    __fpl_fretinf                            0x08003f61   Thumb Code    10  fretinf.o(x$fpl$fretinf)
    __I$use$fp                               0x08003f6a   Number         0  usenofp.o(x$fpl$usenofp)
    Region$$Table$$Base                      0x08003f6c   Number         0  anon$$obj.o(Region$$Table)
    Region$$Table$$Limit                     0x08003f8c   Number         0  anon$$obj.o(Region$$Table)
    SystemCoreClock                          0x20000000   Data           4  system_stm32f4xx.o(.data)
    AHBPrescTable                            0x20000004   Data          16  system_stm32f4xx.o(.data)
    Target_Speed                             0x20000014   Data           4  main.o(.data)
    Our_Code                                 0x20000018   Data           1  main.o(.data)
    Enemy_Code                               0x20000019   Data           1  main.o(.data)
    EasyFirst                                0x2000001a   Data           2  main.o(.data)
    EasyFirstBack                            0x2000001c   Data           2  main.o(.data)
    EasySec                                  0x2000001e   Data           2  main.o(.data)
    EasySecBack                              0x20000020   Data           2  main.o(.data)
    Easy2_1                                  0x20000022   Data           2  main.o(.data)
    Easy1_1                                  0x20000024   Data           2  main.o(.data)
    Centre                                   0x20000026   Data           2  main.o(.data)
    CentreOut                                0x20000028   Data           2  main.o(.data)
    HardGet                                  0x2000002a   Data           2  main.o(.data)
    HardPush                                 0x2000002c   Data           2  main.o(.data)
    p                                        0x20000040   Data           4  motor.o(.data)
    kp                                       0x20000044   Data           4  motor.o(.data)
    kd                                       0x20000048   Data           4  motor.o(.data)
    amount                                   0x2000004c   Data           4  motor.o(.data)
    end                                      0x20000050   Data           4  motor.o(.data)
    flag                                     0x20000054   Data           1  motor.o(.data)
    UP_STATE                                 0x20000055   Data           1  exti.o(.data)
    DOWN_STATE                               0x20000056   Data           1  exti.o(.data)
    flag_go                                  0x20000057   Data           1  exti.o(.data)
    low                                      0x20000058   Data           1  usart3.o(.data)
    notes                                    0x20000059   Data           1  usart3.o(.data)
    y                                        0x2000005a   Data           1  usart3.o(.data)
    j                                        0x2000005b   Data           1  usart3.o(.data)
    F_TEN                                    0x2000005c   Data           1  usart3.o(.data)
    R_TEN                                    0x2000005d   Data           1  usart3.o(.data)
    B_TEN                                    0x2000005e   Data           1  usart3.o(.data)
    L_TEN                                    0x2000005f   Data           1  usart3.o(.data)
    BBL                                      0x20000060   Data           1  usart3.o(.data)
    BBR                                      0x20000061   Data           1  usart3.o(.data)
    important_data                           0x20000062   Data           1  usart3.o(.data)
    contact_data                             0x20000064   Data           2  usart3.o(.data)
    F_test                                   0x20000066   Data           1  procedure.o(.data)
    B_test                                   0x20000067   Data           1  procedure.o(.data)
    fuckflag                                 0x20000068   Data           1  pro_support.o(.data)
    __stdout                                 0x20000070   Data           4  usart.o(.data)
    USART_RX_STA                             0x20000074   Data           2  usart.o(.data)
    Codd_Num                                 0x20000076   Data           1  usart.o(.data)
    Code_Num                                 0x20000077   Data           1  usart.o(.data)
    target                                   0x20000078   Data          16  main.o(.bss)
    count                                    0x20000088   Data          16  motor.o(.bss)
    out                                      0x20000098   Data          16  motor.o(.bss)
    last_out                                 0x200000a8   Data          16  motor.o(.bss)
    error                                    0x200000b8   Data          16  motor.o(.bss)
    last_err                                 0x200000c8   Data          16  motor.o(.bss)
    TIM4_ICInitStructure                     0x200000d8   Data          10  timer.o(.bss)
    series                                   0x200000e2   Data          24  usart3.o(.bss)
    __libspace_start                         0x200000fc   Data          96  libspace.o(.bss)
    __temporary_stack_top$libspace           0x2000015c   Data           0  libspace.o(.bss)



==============================================================================

Memory Map of the image

  Image Entry point : 0x08000189

  Load Region LR_IROM1 (Base: 0x08000000, Size: 0x00004004, Max: 0x00100000, ABSOLUTE)

    Execution Region ER_IROM1 (Exec base: 0x08000000, Load base: 0x08000000, Size: 0x00003f8c, Max: 0x00100000, ABSOLUTE)

    Exec Addr    Load Addr    Size         Type   Attr      Idx    E Section Name        Object

    0x08000000   0x08000000   0x00000188   Data   RO         5940    RESET               startup_stm32f40_41xxx.o
    0x08000188   0x08000188   0x00000008   Code   RO         5951  * !!!main             c_w.l(__main.o)
    0x08000190   0x08000190   0x00000034   Code   RO         6134    !!!scatter          c_w.l(__scatter.o)
    0x080001c4   0x080001c4   0x0000001a   Code   RO         6136    !!handler_copy      c_w.l(__scatter_copy.o)
    0x080001de   0x080001de   0x00000002   PAD
    0x080001e0   0x080001e0   0x0000001c   Code   RO         6138    !!handler_zi        c_w.l(__scatter_zi.o)
    0x080001fc   0x080001fc   0x00000002   Code   RO         6009    .ARM.Collect$$libinit$$00000000  c_w.l(libinit.o)
    0x080001fe   0x080001fe   0x00000004   Code   RO         6015    .ARM.Collect$$libinit$$00000001  c_w.l(libinit2.o)
    0x08000202   0x08000202   0x00000000   Code   RO         6018    .ARM.Collect$$libinit$$00000004  c_w.l(libinit2.o)
    0x08000202   0x08000202   0x00000000   Code   RO         6021    .ARM.Collect$$libinit$$0000000A  c_w.l(libinit2.o)
    0x08000202   0x08000202   0x00000000   Code   RO         6023    .ARM.Collect$$libinit$$0000000C  c_w.l(libinit2.o)
    0x08000202   0x08000202   0x00000000   Code   RO         6025    .ARM.Collect$$libinit$$0000000E  c_w.l(libinit2.o)
    0x08000202   0x08000202   0x00000000   Code   RO         6028    .ARM.Collect$$libinit$$00000011  c_w.l(libinit2.o)
    0x08000202   0x08000202   0x00000000   Code   RO         6030    .ARM.Collect$$libinit$$00000013  c_w.l(libinit2.o)
    0x08000202   0x08000202   0x00000000   Code   RO         6032    .ARM.Collect$$libinit$$00000015  c_w.l(libinit2.o)
    0x08000202   0x08000202   0x00000000   Code   RO         6034    .ARM.Collect$$libinit$$00000017  c_w.l(libinit2.o)
    0x08000202   0x08000202   0x00000000   Code   RO         6036    .ARM.Collect$$libinit$$00000019  c_w.l(libinit2.o)
    0x08000202   0x08000202   0x00000000   Code   RO         6038    .ARM.Collect$$libinit$$0000001B  c_w.l(libinit2.o)
    0x08000202   0x08000202   0x00000000   Code   RO         6040    .ARM.Collect$$libinit$$0000001D  c_w.l(libinit2.o)
    0x08000202   0x08000202   0x00000000   Code   RO         6042    .ARM.Collect$$libinit$$0000001F  c_w.l(libinit2.o)
    0x08000202   0x08000202   0x00000000   Code   RO         6044    .ARM.Collect$$libinit$$00000021  c_w.l(libinit2.o)
    0x08000202   0x08000202   0x00000000   Code   RO         6046    .ARM.Collect$$libinit$$00000023  c_w.l(libinit2.o)
    0x08000202   0x08000202   0x00000000   Code   RO         6048    .ARM.Collect$$libinit$$00000025  c_w.l(libinit2.o)
    0x08000202   0x08000202   0x00000000   Code   RO         6052    .ARM.Collect$$libinit$$0000002C  c_w.l(libinit2.o)
    0x08000202   0x08000202   0x00000000   Code   RO         6054    .ARM.Collect$$libinit$$0000002E  c_w.l(libinit2.o)
    0x08000202   0x08000202   0x00000000   Code   RO         6056    .ARM.Collect$$libinit$$00000030  c_w.l(libinit2.o)
    0x08000202   0x08000202   0x00000000   Code   RO         6058    .ARM.Collect$$libinit$$00000032  c_w.l(libinit2.o)
    0x08000202   0x08000202   0x00000002   Code   RO         6059    .ARM.Collect$$libinit$$00000033  c_w.l(libinit2.o)
    0x08000204   0x08000204   0x00000002   Code   RO         6077    .ARM.Collect$$libshutdown$$00000000  c_w.l(libshutdown.o)
    0x08000206   0x08000206   0x00000000   Code   RO         6088    .ARM.Collect$$libshutdown$$00000003  c_w.l(libshutdown2.o)
    0x08000206   0x08000206   0x00000000   Code   RO         6091    .ARM.Collect$$libshutdown$$00000006  c_w.l(libshutdown2.o)
    0x08000206   0x08000206   0x00000000   Code   RO         6094    .ARM.Collect$$libshutdown$$00000009  c_w.l(libshutdown2.o)
    0x08000206   0x08000206   0x00000000   Code   RO         6096    .ARM.Collect$$libshutdown$$0000000B  c_w.l(libshutdown2.o)
    0x08000206   0x08000206   0x00000000   Code   RO         6099    .ARM.Collect$$libshutdown$$0000000E  c_w.l(libshutdown2.o)
    0x08000206   0x08000206   0x00000002   Code   RO         6100    .ARM.Collect$$libshutdown$$0000000F  c_w.l(libshutdown2.o)
    0x08000208   0x08000208   0x00000000   Code   RO         5975    .ARM.Collect$$rtentry$$00000000  c_w.l(__rtentry.o)
    0x08000208   0x08000208   0x00000000   Code   RO         5986    .ARM.Collect$$rtentry$$00000002  c_w.l(__rtentry2.o)
    0x08000208   0x08000208   0x00000006   Code   RO         5998    .ARM.Collect$$rtentry$$00000004  c_w.l(__rtentry4.o)
    0x0800020e   0x0800020e   0x00000000   Code   RO         5988    .ARM.Collect$$rtentry$$00000009  c_w.l(__rtentry2.o)
    0x0800020e   0x0800020e   0x00000004   Code   RO         5989    .ARM.Collect$$rtentry$$0000000A  c_w.l(__rtentry2.o)
    0x08000212   0x08000212   0x00000000   Code   RO         5991    .ARM.Collect$$rtentry$$0000000C  c_w.l(__rtentry2.o)
    0x08000212   0x08000212   0x00000008   Code   RO         5992    .ARM.Collect$$rtentry$$0000000D  c_w.l(__rtentry2.o)
    0x0800021a   0x0800021a   0x00000002   Code   RO         6013    .ARM.Collect$$rtexit$$00000000  c_w.l(rtexit.o)
    0x0800021c   0x0800021c   0x00000000   Code   RO         6061    .ARM.Collect$$rtexit$$00000002  c_w.l(rtexit2.o)
    0x0800021c   0x0800021c   0x00000004   Code   RO         6062    .ARM.Collect$$rtexit$$00000003  c_w.l(rtexit2.o)
    0x08000220   0x08000220   0x00000006   Code   RO         6063    .ARM.Collect$$rtexit$$00000004  c_w.l(rtexit2.o)
    0x08000226   0x08000226   0x00000002   PAD
    0x08000228   0x08000228   0x00000040   Code   RO         5941    .text               startup_stm32f40_41xxx.o
    0x08000268   0x08000268   0x00000002   Code   RO         5947    .text               c_w.l(use_no_semi_2.o)
    0x0800026a   0x0800026a   0x00000006   Code   RO         5949    .text               c_w.l(heapauxi.o)
    0x08000270   0x08000270   0x00000002   Code   RO         5973    .text               c_w.l(use_no_semi.o)
    0x08000272   0x08000272   0x0000004a   Code   RO         6000    .text               c_w.l(sys_stackheap_outer.o)
    0x080002bc   0x080002bc   0x0000000c   Code   RO         6002    .text               c_w.l(exit.o)
    0x080002c8   0x080002c8   0x00000008   Code   RO         6010    .text               c_w.l(libspace.o)
    0x080002d0   0x080002d0   0x00000030   Code   RO         5544    i.BackToNorm_1      procedure.o
    0x08000300   0x08000300   0x00000030   Code   RO         5545    i.BackToNorm_2      procedure.o
    0x08000330   0x08000330   0x00000004   Code   RO            3    i.BusFault_Handler  stm32f4xx_it.o
    0x08000334   0x08000334   0x00000002   Code   RO            4    i.DebugMon_Handler  stm32f4xx_it.o
    0x08000336   0x08000336   0x00000002   PAD
    0x08000338   0x08000338   0x00000048   Code   RO         5352    i.EXTI0_IRQHandler  exti.o
    0x08000380   0x08000380   0x00000048   Code   RO         5353    i.EXTI3_IRQHandler  exti.o
    0x080003c8   0x080003c8   0x00000088   Code   RO         5354    i.EXTIX_Init        exti.o
    0x08000450   0x08000450   0x0000000c   Code   RO         3840    i.EXTI_ClearITPendingBit  stm32f4xx_exti.o
    0x0800045c   0x0800045c   0x00000094   Code   RO         3845    i.EXTI_Init         stm32f4xx_exti.o
    0x080004f0   0x080004f0   0x00000016   Code   RO         5546    i.EasyPart1         procedure.o
    0x08000506   0x08000506   0x00000002   PAD
    0x08000508   0x08000508   0x0000005c   Code   RO         5547    i.EasyPart2         procedure.o
    0x08000564   0x08000564   0x00000060   Code   RO         5548    i.EasyPart3         procedure.o
    0x080005c4   0x080005c4   0x000000c8   Code   RO         5549    i.EasyPart4         procedure.o
    0x0800068c   0x0800068c   0x000000a0   Code   RO         5550    i.EasyPart5         procedure.o
    0x0800072c   0x0800072c   0x000000ac   Code   RO         5551    i.EasyPart6         procedure.o
    0x080007d8   0x080007d8   0x000000b0   Code   RO         5552    i.EasyPart8         procedure.o
    0x08000888   0x08000888   0x0000009c   Code   RO         5553    i.EasyPart9         procedure.o
    0x08000924   0x08000924   0x00000048   Code   RO         5668    i.FireTheGoal       pro_support.o
    0x0800096c   0x0800096c   0x00000090   Code   RO         3328    i.GPIO_Init         stm32f4xx_gpio.o
    0x080009fc   0x080009fc   0x00000046   Code   RO         3329    i.GPIO_PinAFConfig  stm32f4xx_gpio.o
    0x08000a42   0x08000a42   0x00000012   Code   RO         3332    i.GPIO_ReadInputDataBit  stm32f4xx_gpio.o
    0x08000a54   0x08000a54   0x00000004   Code   RO         3335    i.GPIO_ResetBits    stm32f4xx_gpio.o
    0x08000a58   0x08000a58   0x00000004   Code   RO         3336    i.GPIO_SetBits      stm32f4xx_gpio.o
    0x08000a5c   0x08000a5c   0x00000040   Code   RO         5554    i.GetMoreScore_1    procedure.o
    0x08000a9c   0x08000a9c   0x00000040   Code   RO         5555    i.GetMoreScore_1_1  procedure.o
    0x08000adc   0x08000adc   0x00000040   Code   RO         5556    i.GetMoreScore_2    procedure.o
    0x08000b1c   0x08000b1c   0x00000004   Code   RO            5    i.HardFault_Handler  stm32f4xx_it.o
    0x08000b20   0x08000b20   0x000000b0   Code   RO         5756    i.HardPart1         pro_buff.o
    0x08000bd0   0x08000bd0   0x00000060   Code   RO         5757    i.HardPart2         pro_buff.o
    0x08000c30   0x08000c30   0x00000098   Code   RO         5758    i.HardPart3         pro_buff.o
    0x08000cc8   0x08000cc8   0x000000cc   Code   RO         5759    i.HardPart4         pro_buff.o
    0x08000d94   0x08000d94   0x000000ac   Code   RO         5760    i.HardPart5         pro_buff.o
    0x08000e40   0x08000e40   0x00000068   Code   RO         5761    i.HardPart6         pro_buff.o
    0x08000ea8   0x08000ea8   0x0000009c   Code   RO         5762    i.HardPart7         pro_buff.o
    0x08000f44   0x08000f44   0x000000b8   Code   RO         5763    i.HardPart8         pro_buff.o
    0x08000ffc   0x08000ffc   0x000000ec   Code   RO         5764    i.HardPart9         pro_buff.o
    0x080010e8   0x080010e8   0x00000004   Code   RO            6    i.MemManage_Handler  stm32f4xx_it.o
    0x080010ec   0x080010ec   0x000000c4   Code   RO         5557    i.MoveToCentr1      procedure.o
    0x080011b0   0x080011b0   0x00000138   Code   RO         5558    i.MoveToCentr2      procedure.o
    0x080012e8   0x080012e8   0x00000020   Code   RO         5559    i.MoveToCentr3      procedure.o
    0x08001308   0x08001308   0x000000a4   Code   RO         5560    i.MoveToCentr4      procedure.o
    0x080013ac   0x080013ac   0x00000002   Code   RO            7    i.NMI_Handler       stm32f4xx_it.o
    0x080013ae   0x080013ae   0x00000002   PAD
    0x080013b0   0x080013b0   0x00000078   Code   RO         5103    i.NVIC_Init         misc.o
    0x08001428   0x08001428   0x00000014   Code   RO         5104    i.NVIC_PriorityGroupConfig  misc.o
    0x0800143c   0x0800143c   0x00000002   Code   RO            8    i.PendSV_Handler    stm32f4xx_it.o
    0x0800143e   0x0800143e   0x00000002   PAD
    0x08001440   0x08001440   0x000000dc   Code   RO         5670    i.PerformBetter     pro_support.o
    0x0800151c   0x0800151c   0x000000d4   Code   RO         5671    i.PerformBetter1    pro_support.o
    0x080015f0   0x080015f0   0x00000020   Code   RO         2226    i.RCC_AHB1PeriphClockCmd  stm32f4xx_rcc.o
    0x08001610   0x08001610   0x00000020   Code   RO         2235    i.RCC_APB1PeriphClockCmd  stm32f4xx_rcc.o
    0x08001630   0x08001630   0x00000020   Code   RO         2238    i.RCC_APB2PeriphClockCmd  stm32f4xx_rcc.o
    0x08001650   0x08001650   0x000000e8   Code   RO         2247    i.RCC_GetClocksFreq  stm32f4xx_rcc.o
    0x08001738   0x08001738   0x00000002   Code   RO            9    i.SVC_Handler       stm32f4xx_it.o
    0x0800173a   0x0800173a   0x00000002   PAD
    0x0800173c   0x0800173c   0x00000040   Code   RO         1232    i.SYSCFG_EXTILineConfig  stm32f4xx_syscfg.o
    0x0800177c   0x0800177c   0x000000ec   Code   RO          181    i.SetSysClock       system_stm32f4xx.o
    0x08001868   0x08001868   0x00000094   Code   RO         5672    i.SteerControl      pro_support.o
    0x080018fc   0x080018fc   0x00000028   Code   RO         5107    i.SysTick_CLKSourceConfig  misc.o
    0x08001924   0x08001924   0x00000002   Code   RO           10    i.SysTick_Handler   stm32f4xx_it.o
    0x08001926   0x08001926   0x00000002   PAD
    0x08001928   0x08001928   0x00000068   Code   RO          183    i.SystemInit        system_stm32f4xx.o
    0x08001990   0x08001990   0x0000003a   Code   RO          667    i.TI1_Config        stm32f4xx_tim.o
    0x080019ca   0x080019ca   0x00000050   Code   RO          668    i.TI2_Config        stm32f4xx_tim.o
    0x08001a1a   0x08001a1a   0x00000048   Code   RO          669    i.TI3_Config        stm32f4xx_tim.o
    0x08001a62   0x08001a62   0x00000050   Code   RO          670    i.TI4_Config        stm32f4xx_tim.o
    0x08001ab2   0x08001ab2   0x00000002   PAD
    0x08001ab4   0x08001ab4   0x000000a0   Code   RO         5287    i.TIM10_PWM_Init    pwm.o
    0x08001b54   0x08001b54   0x000000a0   Code   RO         5288    i.TIM11_PWM_Init    pwm.o
    0x08001bf4   0x08001bf4   0x000000a8   Code   RO         5289    i.TIM12_PWM_Init    pwm.o
    0x08001c9c   0x08001c9c   0x000000a0   Code   RO         5290    i.TIM13_PWM_Init    pwm.o
    0x08001d3c   0x08001d3c   0x000002c8   Code   RO         5147    i.TIM3_IRQHandler   motor.o
    0x08002004   0x08002004   0x0000005c   Code   RO         5148    i.TIM3_Int_Init     motor.o
    0x08002060   0x08002060   0x00000194   Code   RO         5462    i.TIM4_Cap_Init     timer.o
    0x080021f4   0x080021f4   0x00000064   Code   RO         5463    i.TIM4_IRQHandler   timer.o
    0x08002258   0x08002258   0x000000dc   Code   RO         5292    i.TIM5_PWM_Init     pwm.o
    0x08002334   0x08002334   0x000000a8   Code   RO         5293    i.TIM9_PWM_Init     pwm.o
    0x080023dc   0x080023dc   0x00000018   Code   RO          671    i.TIM_ARRPreloadConfig  stm32f4xx_tim.o
    0x080023f4   0x080023f4   0x00000006   Code   RO          678    i.TIM_ClearITPendingBit  stm32f4xx_tim.o
    0x080023fa   0x080023fa   0x00000018   Code   RO          683    i.TIM_Cmd           stm32f4xx_tim.o
    0x08002412   0x08002412   0x0000001e   Code   RO          685    i.TIM_CtrlPWMOutputs  stm32f4xx_tim.o
    0x08002430   0x08002430   0x00000022   Code   RO          704    i.TIM_GetITStatus   stm32f4xx_tim.o
    0x08002452   0x08002452   0x0000006e   Code   RO          706    i.TIM_ICInit        stm32f4xx_tim.o
    0x080024c0   0x080024c0   0x00000012   Code   RO          708    i.TIM_ITConfig      stm32f4xx_tim.o
    0x080024d2   0x080024d2   0x00000002   PAD
    0x080024d4   0x080024d4   0x0000007c   Code   RO          712    i.TIM_OC1Init       stm32f4xx_tim.o
    0x08002550   0x08002550   0x00000012   Code   RO          715    i.TIM_OC1PreloadConfig  stm32f4xx_tim.o
    0x08002562   0x08002562   0x00000002   PAD
    0x08002564   0x08002564   0x000000a4   Code   RO          717    i.TIM_OC2Init       stm32f4xx_tim.o
    0x08002608   0x08002608   0x0000001a   Code   RO          720    i.TIM_OC2PreloadConfig  stm32f4xx_tim.o
    0x08002622   0x08002622   0x00000002   PAD
    0x08002624   0x08002624   0x000000a0   Code   RO          722    i.TIM_OC3Init       stm32f4xx_tim.o
    0x080026c4   0x080026c4   0x00000012   Code   RO          725    i.TIM_OC3PreloadConfig  stm32f4xx_tim.o
    0x080026d6   0x080026d6   0x00000004   Code   RO          745    i.TIM_SetCompare1   stm32f4xx_tim.o
    0x080026da   0x080026da   0x00000004   Code   RO          746    i.TIM_SetCompare2   stm32f4xx_tim.o
    0x080026de   0x080026de   0x00000004   Code   RO          747    i.TIM_SetCompare3   stm32f4xx_tim.o
    0x080026e2   0x080026e2   0x00000012   Code   RO          750    i.TIM_SetIC1Prescaler  stm32f4xx_tim.o
    0x080026f4   0x080026f4   0x0000001a   Code   RO          751    i.TIM_SetIC2Prescaler  stm32f4xx_tim.o
    0x0800270e   0x0800270e   0x00000012   Code   RO          752    i.TIM_SetIC3Prescaler  stm32f4xx_tim.o
    0x08002720   0x08002720   0x0000001a   Code   RO          753    i.TIM_SetIC4Prescaler  stm32f4xx_tim.o
    0x0800273a   0x0800273a   0x00000002   PAD
    0x0800273c   0x0800273c   0x00000084   Code   RO          755    i.TIM_TimeBaseInit  stm32f4xx_tim.o
    0x080027c0   0x080027c0   0x00000050   Code   RO         5890    i.USART1_IRQHandler  usart.o
    0x08002810   0x08002810   0x000000ac   Code   RO         5891    i.USART1_Init       usart.o
    0x080028bc   0x080028bc   0x000001d8   Code   RO         5503    i.USART3_IRQHandler  usart3.o
    0x08002a94   0x08002a94   0x000000ac   Code   RO         5504    i.USART3_Init       usart3.o
    0x08002b40   0x08002b40   0x0000001e   Code   RO          480    i.USART_ClearITPendingBit  stm32f4xx_usart.o
    0x08002b5e   0x08002b5e   0x00000018   Code   RO          483    i.USART_Cmd         stm32f4xx_usart.o
    0x08002b76   0x08002b76   0x00000054   Code   RO          487    i.USART_GetITStatus  stm32f4xx_usart.o
    0x08002bca   0x08002bca   0x0000004a   Code   RO          489    i.USART_ITConfig    stm32f4xx_usart.o
    0x08002c14   0x08002c14   0x000000d4   Code   RO          490    i.USART_Init        stm32f4xx_usart.o
    0x08002ce8   0x08002ce8   0x0000000a   Code   RO          497    i.USART_ReceiveData  stm32f4xx_usart.o
    0x08002cf2   0x08002cf2   0x00000008   Code   RO          500    i.USART_SendData    stm32f4xx_usart.o
    0x08002cfa   0x08002cfa   0x00000004   Code   RO           11    i.UsageFault_Handler  stm32f4xx_it.o
    0x08002cfe   0x08002cfe   0x00000004   Code   RO         5892    i._sys_exit         usart.o
    0x08002d02   0x08002d02   0x00000002   PAD
    0x08002d04   0x08002d04   0x0000002c   Code   RO         5355    i.actuator_down     exti.o
    0x08002d30   0x08002d30   0x00000024   Code   RO         5356    i.actuator_stop     exti.o
    0x08002d54   0x08002d54   0x0000002c   Code   RO         5357    i.actuator_up       exti.o
    0x08002d80   0x08002d80   0x00000050   Code   RO         5149    i.anti_clockwise    motor.o
    0x08002dd0   0x08002dd0   0x000000b0   Code   RO         5150    i.backward          motor.o
    0x08002e80   0x08002e80   0x00000050   Code   RO         5151    i.clockwise         motor.o
    0x08002ed0   0x08002ed0   0x0000003c   Code   RO         5832    i.delay_init        delay.o
    0x08002f0c   0x08002f0c   0x00000038   Code   RO         5833    i.delay_ms          delay.o
    0x08002f44   0x08002f44   0x0000004c   Code   RO         5835    i.delay_xms         delay.o
    0x08002f90   0x08002f90   0x000000ac   Code   RO         5152    i.forward           motor.o
    0x0800303c   0x0800303c   0x00000118   Code   RO         5442    i.gpio_Init         gpio.o
    0x08003154   0x08003154   0x00000080   Code   RO         5153    i.left              motor.o
    0x080031d4   0x080031d4   0x000001fc   Code   RO          218    i.main              main.o
    0x080033d0   0x080033d0   0x00000080   Code   RO         5674    i.most_right        pro_support.o
    0x08003450   0x08003450   0x00000058   Code   RO         5675    i.move_lr           pro_support.o
    0x080034a8   0x080034a8   0x00000040   Code   RO         5676    i.pass_one_line     pro_support.o
    0x080034e8   0x080034e8   0x0000003c   Code   RO         5677    i.pass_one_line_hard  pro_support.o
    0x08003524   0x08003524   0x00000090   Code   RO         5154    i.pid_Init          motor.o
    0x080035b4   0x080035b4   0x00000084   Code   RO         5155    i.right             motor.o
    0x08003638   0x08003638   0x00000090   Code   RO         5156    i.run_anticlockwise  motor.o
    0x080036c8   0x080036c8   0x00000088   Code   RO         5157    i.run_backward      motor.o
    0x08003750   0x08003750   0x00000090   Code   RO         5158    i.run_clockwise     motor.o
    0x080037e0   0x080037e0   0x00000088   Code   RO         5159    i.run_forward       motor.o
    0x08003868   0x08003868   0x00000040   Code   RO         5160    i.stop              motor.o
    0x080038a8   0x080038a8   0x00000038   Code   RO         5678    i.sum_location      pro_support.o
    0x080038e0   0x080038e0   0x00000062   Code   RO         5953    x$fpl$d2f           fz_wm.l(d2f.o)
    0x08003942   0x08003942   0x00000002   PAD
    0x08003944   0x08003944   0x000002b0   Code   RO         5956    x$fpl$ddiv          fz_wm.l(ddiv.o)
    0x08003bf4   0x08003bf4   0x0000005e   Code   RO         5959    x$fpl$dfix          fz_wm.l(dfix.o)
    0x08003c52   0x08003c52   0x00000026   Code   RO         5963    x$fpl$dfltu         fz_wm.l(dflt_clz.o)
    0x08003c78   0x08003c78   0x00000154   Code   RO         5969    x$fpl$dmul          fz_wm.l(dmul.o)
    0x08003dcc   0x08003dcc   0x0000009c   Code   RO         5976    x$fpl$dnaninf       fz_wm.l(dnaninf.o)
    0x08003e68   0x08003e68   0x0000000c   Code   RO         5978    x$fpl$dretinf       fz_wm.l(dretinf.o)
    0x08003e74   0x08003e74   0x00000056   Code   RO         5971    x$fpl$f2d           fz_wm.l(f2d.o)
    0x08003eca   0x08003eca   0x0000008c   Code   RO         5980    x$fpl$fnaninf       fz_wm.l(fnaninf.o)
    0x08003f56   0x08003f56   0x0000000a   Code   RO         6069    x$fpl$fpinit        fz_wm.l(fpinit.o)
    0x08003f60   0x08003f60   0x0000000a   Code   RO         5982    x$fpl$fretinf       fz_wm.l(fretinf.o)
    0x08003f6a   0x08003f6a   0x00000000   Code   RO         5984    x$fpl$usenofp       fz_wm.l(usenofp.o)
    0x08003f6a   0x08003f6a   0x00000002   PAD
    0x08003f6c   0x08003f6c   0x00000020   Data   RO         6132    Region$$Table       anon$$obj.o


    Execution Region RW_IRAM1 (Exec base: 0x20000000, Load base: 0x08003f8c, Size: 0x00000760, Max: 0x00020000, ABSOLUTE)

    Exec Addr    Load Addr    Size         Type   Attr      Idx    E Section Name        Object

    0x20000000   0x08003f8c   0x00000014   Data   RW          184    .data               system_stm32f4xx.o
    0x20000014   0x08003fa0   0x0000001a   Data   RW          220    .data               main.o
    0x2000002e   0x08003fba   0x00000010   Data   RW         2279    .data               stm32f4xx_rcc.o
    0x2000003e   0x08003fca   0x00000002   PAD
    0x20000040   0x08003fcc   0x00000015   Data   RW         5162    .data               motor.o
    0x20000055   0x08003fe1   0x00000003   Data   RW         5358    .data               exti.o
    0x20000058   0x08003fe4   0x0000000e   Data   RW         5506    .data               usart3.o
    0x20000066   0x08003ff2   0x00000002   Data   RW         5561    .data               procedure.o
    0x20000068   0x08003ff4   0x00000001   Data   RW         5679    .data               pro_support.o
    0x20000069   0x08003ff5   0x00000001   PAD
    0x2000006a   0x08003ff6   0x00000004   Data   RW         5836    .data               delay.o
    0x2000006e   0x08003ffa   0x00000002   PAD
    0x20000070   0x08003ffc   0x00000008   Data   RW         5895    .data               usart.o
    0x20000078        -       0x00000010   Zero   RW          219    .bss                main.o
    0x20000088        -       0x00000050   Zero   RW         5161    .bss                motor.o
    0x200000d8        -       0x0000000a   Zero   RW         5464    .bss                timer.o
    0x200000e2        -       0x00000018   Zero   RW         5505    .bss                usart3.o
    0x200000fa   0x08004004   0x00000002   PAD
    0x200000fc        -       0x00000060   Zero   RW         6011    .bss                c_w.l(libspace.o)
    0x2000015c   0x08004004   0x00000004   PAD
    0x20000160        -       0x00000200   Zero   RW         5939    HEAP                startup_stm32f40_41xxx.o
    0x20000360        -       0x00000400   Zero   RW         5938    STACK               startup_stm32f40_41xxx.o


==============================================================================

Image component sizes


      Code (inc. data)   RO Data    RW Data    ZI Data      Debug   Object Name

       192         16          0          4          0       1860   delay.o
       404         64          0          3          0       3371   exti.o
       280         18          0          0          0        664   gpio.o
       508         32          0         26         16     249770   main.o
       180         24          0          0          0       2141   misc.o
      2340        456          0         21         80     240977   motor.o
      1480        154          0          0          0       5448   pro_buff.o
      1048         72          0          1          0       6228   pro_support.o
      2066        234          0          2          0      10767   procedure.o
      1036         56          0          0          0       4688   pwm.o
        64         26        392          0       1536        832   startup_stm32f40_41xxx.o
       160         12          0          0          0       1577   stm32f4xx_exti.o
       240          0          0          0          0       3563   stm32f4xx_gpio.o
        26          0          0          0          0      56330   stm32f4xx_it.o
       328         36          0         16          0       4659   stm32f4xx_rcc.o
        64          4          0          0          0        640   stm32f4xx_syscfg.o
      1278         58          0          0          0      16220   stm32f4xx_tim.o
       442          8          0          0          0       5497   stm32f4xx_usart.o
         0          0          0          0          0     231460   stm32f4xx_wwdg.o
       340         32          0         20          0       1825   system_stm32f4xx.o
       504         20          0          0         10       1729   timer.o
       256         26          0          8          0       3857   usart.o
       644         48          0         14         24       2496   usart3.o

    ----------------------------------------------------------------------
     13904       1396        424        120       1668     856599   Object Totals
         0          0         32          0          0          0   (incl. Generated)
        24          0          0          5          2          0   (incl. Padding)

    ----------------------------------------------------------------------

      Code (inc. data)   RO Data    RW Data    ZI Data      Debug   Library Member Name

         8          0          0          0          0         68   __main.o
         0          0          0          0          0          0   __rtentry.o
        12          0          0          0          0          0   __rtentry2.o
         6          0          0          0          0          0   __rtentry4.o
        52          8          0          0          0          0   __scatter.o
        26          0          0          0          0          0   __scatter_copy.o
        28          0          0          0          0          0   __scatter_zi.o
        12          0          0          0          0         72   exit.o
         6          0          0          0          0        152   heapauxi.o
         2          0          0          0          0          0   libinit.o
         6          0          0          0          0          0   libinit2.o
         2          0          0          0          0          0   libshutdown.o
         2          0          0          0          0          0   libshutdown2.o
         8          4          0          0         96         68   libspace.o
         2          0          0          0          0          0   rtexit.o
        10          0          0          0          0          0   rtexit2.o
        74          0          0          0          0         80   sys_stackheap_outer.o
         2          0          0          0          0         68   use_no_semi.o
         2          0          0          0          0         68   use_no_semi_2.o
        98          4          0          0          0        140   d2f.o
       688        140          0          0          0        256   ddiv.o
        94          4          0          0          0        140   dfix.o
        38          0          0          0          0        116   dflt_clz.o
       340         12          0          0          0        152   dmul.o
       156          4          0          0          0        140   dnaninf.o
        12          0          0          0          0        116   dretinf.o
        86          4          0          0          0        132   f2d.o
       140          4          0          0          0        132   fnaninf.o
        10          0          0          0          0        116   fpinit.o
        10          0          0          0          0        116   fretinf.o
         0          0          0          0          0          0   usenofp.o

    ----------------------------------------------------------------------
      1940        184          0          0        100       2132   Library Totals
         8          0          0          0          4          0   (incl. Padding)

    ----------------------------------------------------------------------

      Code (inc. data)   RO Data    RW Data    ZI Data      Debug   Library Name

       260         12          0          0         96        576   c_w.l
      1672        172          0          0          0       1556   fz_wm.l

    ----------------------------------------------------------------------
      1940        184          0          0        100       2132   Library Totals

    ----------------------------------------------------------------------

==============================================================================


      Code (inc. data)   RO Data    RW Data    ZI Data      Debug   

     15844       1580        424        120       1768     845075   Grand Totals
     15844       1580        424        120       1768     845075   ELF Image Totals
     15844       1580        424        120          0          0   ROM Totals

==============================================================================

    Total RO  Size (Code + RO Data)                16268 (  15.89kB)
    Total RW  Size (RW Data + ZI Data)              1888 (   1.84kB)
    Total ROM Size (Code + RO Data + RW Data)      16388 (  16.00kB)

==============================================================================

